../Core/Src/main.c:224:6:ADC_reset_ch	32	static
../Core/Src/main.c:237:6:ADC_Select_CH1	32	static
../Core/Src/main.c:248:6:ADC_Select_CH12	32	static
../Core/Src/main.c:261:10:ADC_read_1	8	static
../Core/Src/main.c:277:10:ADC_read_12	8	static
../Core/Src/main.c:294:6:PWM_correction	16	static
../Core/Src/main.c:335:6:I2C_send	32	static
../Core/Src/main.c:364:6:LCD_SendString	16	static
../Core/Src/main.c:375:6:lcd_write_nibble	32	static
../Core/Src/main.c:388:6:lcd_send_cmd	24	static
../Core/Src/main.c:400:6:lcd_send_data	24	static
../Core/Src/main.c:409:6:lcd_init	8	static
../Core/Src/main.c:427:6:lcd_write_string	16	static
../Core/Src/main.c:434:6:lcd_set_cursor	24	static
../Core/Src/main.c:461:6:lcd_clear	8	static
../Core/Src/main.c:468:6:lcd_backlight	16	static
../Core/Src/main.c:481:6:HAL_UARTEx_RxEventCallback	24	static
../Core/Src/main.c:554:9:SWITCH	24	static
../Core/Src/main.c:565:9:led_indicators	24	static
../Core/Src/main.c:610:6:Phaze_A_ON	8	static
../Core/Src/main.c:611:6:Phaze_A_OFF	8	static
../Core/Src/main.c:612:6:Phaze_A_ZZ	8	static
../Core/Src/main.c:614:6:Phaze_B_ON	8	static
../Core/Src/main.c:615:6:Phaze_B_OFF	8	static
../Core/Src/main.c:616:6:Phaze_B_ZZ	8	static
../Core/Src/main.c:618:6:Phaze_C_ON	8	static
../Core/Src/main.c:619:6:Phaze_C_OFF	8	static
../Core/Src/main.c:620:6:Phaze_C_ZZ	8	static
../Core/Src/main.c:622:6:BLDC_MotorCommutation	16	static
../Core/Src/main.c:684:5:main	56	static
../Core/Src/main.c:1127:6:SystemClock_Config	128	static
../Core/Src/main.c:1184:13:MX_ADC1_Init	48	static
../Core/Src/main.c:1250:13:MX_ADC2_Init	32	static
../Core/Src/main.c:1344:13:MX_ADC3_Init	48	static
../Core/Src/main.c:1410:13:MX_I2C1_Init	8	static
../Core/Src/main.c:1458:13:MX_RTC_Init	32	static
../Core/Src/main.c:1521:13:MX_TIM1_Init	112	static
../Core/Src/main.c:1605:13:MX_TIM2_Init	56	static
../Core/Src/main.c:1670:13:MX_TIM3_Init	40	static
../Core/Src/main.c:1715:13:MX_TIM4_Init	40	static
../Core/Src/main.c:1760:13:MX_TIM8_Init	112	static
../Core/Src/main.c:1840:13:MX_TIM15_Init	112	static
../Core/Src/main.c:1916:13:MX_USART1_UART_Init	8	static
../Core/Src/main.c:1951:13:MX_USART2_UART_Init	8	static
../Core/Src/main.c:1984:13:MX_DMA_Init	16	static
../Core/Src/main.c:2009:13:MX_GPIO_Init	48	static
../Core/Src/main.c:2096:6:HAL_TIM_PeriodElapsedCallback	16	static
../Core/Src/main.c:2104:6:HAL_TIM_IC_CaptureCallback	16	static
../Core/Src/main.c:2134:6:HAL_GPIO_EXTI_Callback	16	static
../Core/Src/main.c:2198:6:HAL_UART_TxCpltCallback	16	static
../Core/Src/main.c:2206:6:HAL_ADC_ConvCpltCallback	16	static
../Core/Src/main.c:2219:6:Error_Handler	4	static,ignoring_inline_asm
