Archive member included to satisfy reference by file (symbol)

C:/ST/STM32CubeIDE_1.12.1/STM32CubeIDE/plugins/com.st.stm32cube.ide.mcu.externaltools.gnu-tools-for-stm32.11.3.rel1.win32_1.1.100.202309141235/tools/bin/../lib/gcc/arm-none-eabi/11.3.1/../../../../arm-none-eabi/lib/thumb/v7e-m+fp/hard\libc_nano.a(libc_a-exit.o)
                              C:/ST/STM32CubeIDE_1.12.1/STM32CubeIDE/plugins/com.st.stm32cube.ide.mcu.externaltools.gnu-tools-for-stm32.11.3.rel1.win32_1.1.100.202309141235/tools/bin/../lib/gcc/arm-none-eabi/11.3.1/../../../../arm-none-eabi/lib/thumb/v7e-m+fp/hard/crt0.o (exit)
C:/ST/STM32CubeIDE_1.12.1/STM32CubeIDE/plugins/com.st.stm32cube.ide.mcu.externaltools.gnu-tools-for-stm32.11.3.rel1.win32_1.1.100.202309141235/tools/bin/../lib/gcc/arm-none-eabi/11.3.1/../../../../arm-none-eabi/lib/thumb/v7e-m+fp/hard\libc_nano.a(libc_a-findfp.o)
                              C:/ST/STM32CubeIDE_1.12.1/STM32CubeIDE/plugins/com.st.stm32cube.ide.mcu.externaltools.gnu-tools-for-stm32.11.3.rel1.win32_1.1.100.202309141235/tools/bin/../lib/gcc/arm-none-eabi/11.3.1/../../../../arm-none-eabi/lib/thumb/v7e-m+fp/hard\libc_nano.a(libc_a-exit.o) (__stdio_exit_handler)
C:/ST/STM32CubeIDE_1.12.1/STM32CubeIDE/plugins/com.st.stm32cube.ide.mcu.externaltools.gnu-tools-for-stm32.11.3.rel1.win32_1.1.100.202309141235/tools/bin/../lib/gcc/arm-none-eabi/11.3.1/../../../../arm-none-eabi/lib/thumb/v7e-m+fp/hard\libc_nano.a(libc_a-fwalk.o)
                              C:/ST/STM32CubeIDE_1.12.1/STM32CubeIDE/plugins/com.st.stm32cube.ide.mcu.externaltools.gnu-tools-for-stm32.11.3.rel1.win32_1.1.100.202309141235/tools/bin/../lib/gcc/arm-none-eabi/11.3.1/../../../../arm-none-eabi/lib/thumb/v7e-m+fp/hard\libc_nano.a(libc_a-findfp.o) (_fwalk_sglue)
C:/ST/STM32CubeIDE_1.12.1/STM32CubeIDE/plugins/com.st.stm32cube.ide.mcu.externaltools.gnu-tools-for-stm32.11.3.rel1.win32_1.1.100.202309141235/tools/bin/../lib/gcc/arm-none-eabi/11.3.1/../../../../arm-none-eabi/lib/thumb/v7e-m+fp/hard\libc_nano.a(libc_a-sprintf.o)
                              ./Core/Src/main.o (sprintf)
C:/ST/STM32CubeIDE_1.12.1/STM32CubeIDE/plugins/com.st.stm32cube.ide.mcu.externaltools.gnu-tools-for-stm32.11.3.rel1.win32_1.1.100.202309141235/tools/bin/../lib/gcc/arm-none-eabi/11.3.1/../../../../arm-none-eabi/lib/thumb/v7e-m+fp/hard\libc_nano.a(libc_a-stdio.o)
                              C:/ST/STM32CubeIDE_1.12.1/STM32CubeIDE/plugins/com.st.stm32cube.ide.mcu.externaltools.gnu-tools-for-stm32.11.3.rel1.win32_1.1.100.202309141235/tools/bin/../lib/gcc/arm-none-eabi/11.3.1/../../../../arm-none-eabi/lib/thumb/v7e-m+fp/hard\libc_nano.a(libc_a-findfp.o) (__sread)
C:/ST/STM32CubeIDE_1.12.1/STM32CubeIDE/plugins/com.st.stm32cube.ide.mcu.externaltools.gnu-tools-for-stm32.11.3.rel1.win32_1.1.100.202309141235/tools/bin/../lib/gcc/arm-none-eabi/11.3.1/../../../../arm-none-eabi/lib/thumb/v7e-m+fp/hard\libc_nano.a(libc_a-memset.o)
                              C:/ST/STM32CubeIDE_1.12.1/STM32CubeIDE/plugins/com.st.stm32cube.ide.mcu.externaltools.gnu-tools-for-stm32.11.3.rel1.win32_1.1.100.202309141235/tools/bin/../lib/gcc/arm-none-eabi/11.3.1/../../../../arm-none-eabi/lib/thumb/v7e-m+fp/hard/crt0.o (memset)
C:/ST/STM32CubeIDE_1.12.1/STM32CubeIDE/plugins/com.st.stm32cube.ide.mcu.externaltools.gnu-tools-for-stm32.11.3.rel1.win32_1.1.100.202309141235/tools/bin/../lib/gcc/arm-none-eabi/11.3.1/../../../../arm-none-eabi/lib/thumb/v7e-m+fp/hard\libc_nano.a(libc_a-closer.o)
                              C:/ST/STM32CubeIDE_1.12.1/STM32CubeIDE/plugins/com.st.stm32cube.ide.mcu.externaltools.gnu-tools-for-stm32.11.3.rel1.win32_1.1.100.202309141235/tools/bin/../lib/gcc/arm-none-eabi/11.3.1/../../../../arm-none-eabi/lib/thumb/v7e-m+fp/hard\libc_nano.a(libc_a-stdio.o) (_close_r)
C:/ST/STM32CubeIDE_1.12.1/STM32CubeIDE/plugins/com.st.stm32cube.ide.mcu.externaltools.gnu-tools-for-stm32.11.3.rel1.win32_1.1.100.202309141235/tools/bin/../lib/gcc/arm-none-eabi/11.3.1/../../../../arm-none-eabi/lib/thumb/v7e-m+fp/hard\libc_nano.a(libc_a-reent.o)
                              C:/ST/STM32CubeIDE_1.12.1/STM32CubeIDE/plugins/com.st.stm32cube.ide.mcu.externaltools.gnu-tools-for-stm32.11.3.rel1.win32_1.1.100.202309141235/tools/bin/../lib/gcc/arm-none-eabi/11.3.1/../../../../arm-none-eabi/lib/thumb/v7e-m+fp/hard\libc_nano.a(libc_a-closer.o) (errno)
C:/ST/STM32CubeIDE_1.12.1/STM32CubeIDE/plugins/com.st.stm32cube.ide.mcu.externaltools.gnu-tools-for-stm32.11.3.rel1.win32_1.1.100.202309141235/tools/bin/../lib/gcc/arm-none-eabi/11.3.1/../../../../arm-none-eabi/lib/thumb/v7e-m+fp/hard\libc_nano.a(libc_a-impure.o)
                              C:/ST/STM32CubeIDE_1.12.1/STM32CubeIDE/plugins/com.st.stm32cube.ide.mcu.externaltools.gnu-tools-for-stm32.11.3.rel1.win32_1.1.100.202309141235/tools/bin/../lib/gcc/arm-none-eabi/11.3.1/../../../../arm-none-eabi/lib/thumb/v7e-m+fp/hard\libc_nano.a(libc_a-sprintf.o) (_impure_ptr)
[...]
Memory Configuration

Name             Origin             Length             Attributes
CCMRAM           0x0000000010000000 0x0000000000002000 xrw
RAM              0x0000000020000000 0x000000000000a000 xrw
FLASH            0x0000000008000000 0x0000000000040000 xr
*default*        0x0000000000000000 0xffffffffffffffff

Linker script and memory map

LOAD C:/ST/STM32CubeIDE_1.12.1/STM32CubeIDE/plugins/com.st.stm32cube.ide.mcu.externaltools.gnu-tools-for-stm32.11.3.rel1.win32_1.1.100.202309141235/tools/bin/../lib/gcc/arm-none-eabi/11.3.1/thumb/v7e-m+fp/hard/crti.o
LOAD C:/ST/STM32CubeIDE_1.12.1/STM32CubeIDE/plugins/com.st.stm32cube.ide.mcu.externaltools.gnu-tools-for-stm32.11.3.rel1.win32_1.1.100.202309141235/tools/bin/../lib/gcc/arm-none-eabi/11.3.1/thumb/v7e-m+fp/hard/crtbegin.o
LOAD C:/ST/STM32CubeIDE_1.12.1/STM32CubeIDE/plugins/com.st.stm32cube.ide.mcu.externaltools.gnu-tools-for-stm32.11.3.rel1.win32_1.1.100.202309141235/tools/bin/../lib/gcc/arm-none-eabi/11.3.1/../../../../arm-none-eabi/lib/thumb/v7e-m+fp/hard/crt0.o
LOAD ./Core/Src/main.o
LOAD ./Core/Src/modbusDevice.o
LOAD ./Core/Src/modbusSlave.o
LOAD ./Core/Src/stm32f3xx_hal_msp.o
LOAD ./Core/Src/stm32f3xx_it.o
LOAD ./Core/Src/syscalls.o
LOAD ./Core/Src/sysmem.o
LOAD ./Core/Src/system_stm32f3xx.o
LOAD ./Core/Startup/startup_stm32f303cctx.o
LOAD ./Drivers/STM32F3xx_HAL_Driver/Src/stm32f3xx_hal.o
LOAD ./Drivers/STM32F3xx_HAL_Driver/Src/stm32f3xx_hal_adc.o
LOAD ./Drivers/STM32F3xx_HAL_Driver/Src/stm32f3xx_hal_adc_ex.o
LOAD ./Drivers/STM32F3xx_HAL_Driver/Src/stm32f3xx_hal_cortex.o
LOAD ./Drivers/STM32F3xx_HAL_Driver/Src/stm32f3xx_hal_dma.o
LOAD ./Drivers/STM32F3xx_HAL_Driver/Src/stm32f3xx_hal_exti.o
LOAD ./Drivers/STM32F3xx_HAL_Driver/Src/stm32f3xx_hal_flash.o
LOAD ./Drivers/STM32F3xx_HAL_Driver/Src/stm32f3xx_hal_flash_ex.o
LOAD ./Drivers/STM32F3xx_HAL_Driver/Src/stm32f3xx_hal_gpio.o
LOAD ./Drivers/STM32F3xx_HAL_Driver/Src/stm32f3xx_hal_i2c.o
LOAD ./Drivers/STM32F3xx_HAL_Driver/Src/stm32f3xx_hal_i2c_ex.o
LOAD ./Drivers/STM32F3xx_HAL_Driver/Src/stm32f3xx_hal_pwr.o
LOAD ./Drivers/STM32F3xx_HAL_Driver/Src/stm32f3xx_hal_pwr_ex.o
LOAD ./Drivers/STM32F3xx_HAL_Driver/Src/stm32f3xx_hal_rcc.o
LOAD ./Drivers/STM32F3xx_HAL_Driver/Src/stm32f3xx_hal_rcc_ex.o
LOAD ./Drivers/STM32F3xx_HAL_Driver/Src/stm32f3xx_hal_rtc.o
LOAD ./Drivers/STM32F3xx_HAL_Driver/Src/stm32f3xx_hal_rtc_ex.o
LOAD ./Drivers/STM32F3xx_HAL_Driver/Src/stm32f3xx_hal_tim.o
LOAD ./Drivers/STM32F3xx_HAL_Driver/Src/stm32f3xx_hal_tim_ex.o
LOAD ./Drivers/STM32F3xx_HAL_Driver/Src/stm32f3xx_hal_uart.o
LOAD ./Drivers/STM32F3xx_HAL_Driver/Src/stm32f3xx_hal_uart_ex.o
START GROUP
LOAD C:/ST/STM32CubeIDE_1.12.1/STM32CubeIDE/plugins/com.st.stm32cube.ide.mcu.externaltools.gnu-tools-for-stm32.11.3.rel1.win32_1.1.100.202309141235/tools/bin/../lib/gcc/arm-none-eabi/11.3.1/../../../../arm-none-eabi/lib/thumb/v7e-m+fp/hard\libc_nano.a
LOAD C:/ST/STM32CubeIDE_1.12.1/STM32CubeIDE/plugins/com.st.stm32cube.ide.mcu.externaltools.gnu-tools-for-stm32.11.3.rel1.win32_1.1.100.202309141235/tools/bin/../lib/gcc/arm-none-eabi/11.3.1/../../../../arm-none-eabi/lib/thumb/v7e-m+fp/hard\libm.a
END GROUP
START GROUP
LOAD C:/ST/STM32CubeIDE_1.12.1/STM32CubeIDE/plugins/com.st.stm32cube.ide.mcu.externaltools.gnu-tools-for-stm32.11.3.rel1.win32_1.1.100.202309141235/tools/bin/../lib/gcc/arm-none-eabi/11.3.1/thumb/v7e-m+fp/hard\libgcc.a
LOAD C:/ST/STM32CubeIDE_1.12.1/STM32CubeIDE/plugins/com.st.stm32cube.ide.mcu.externaltools.gnu-tools-for-stm32.11.3.rel1.win32_1.1.100.202309141235/tools/bin/../lib/gcc/arm-none-eabi/11.3.1/../../../../arm-none-eabi/lib/thumb/v7e-m+fp/hard\libc_nano.a
END GROUP
START GROUP
LOAD C:/ST/STM32CubeIDE_1.12.1/STM32CubeIDE/plugins/com.st.stm32cube.ide.mcu.externaltools.gnu-tools-for-stm32.11.3.rel1.win32_1.1.100.202309141235/tools/bin/../lib/gcc/arm-none-eabi/11.3.1/thumb/v7e-m+fp/hard\libgcc.a
LOAD C:/ST/STM32CubeIDE_1.12.1/STM32CubeIDE/plugins/com.st.stm32cube.ide.mcu.externaltools.gnu-tools-for-stm32.11.3.rel1.win32_1.1.100.202309141235/tools/bin/../lib/gcc/arm-none-eabi/11.3.1/../../../../arm-none-eabi/lib/thumb/v7e-m+fp/hard\libc_nano.a
LOAD C:/ST/STM32CubeIDE_1.12.1/STM32CubeIDE/plugins/com.st.stm32cube.ide.mcu.externaltools.gnu-tools-for-stm32.11.3.rel1.win32_1.1.100.202309141235/tools/bin/../lib/gcc/arm-none-eabi/11.3.1/../../../../arm-none-eabi/lib/thumb/v7e-m+fp/hard\libnosys.a
END GROUP
START GROUP
LOAD C:/ST/STM32CubeIDE_1.12.1/STM32CubeIDE/plugins/com.st.stm32cube.ide.mcu.externaltools.gnu-tools-for-stm32.11.3.rel1.win32_1.1.100.202309141235/tools/bin/../lib/gcc/arm-none-eabi/11.3.1/thumb/v7e-m+fp/hard\libgcc.a
LOAD C:/ST/STM32CubeIDE_1.12.1/STM32CubeIDE/plugins/com.st.stm32cube.ide.mcu.externaltools.gnu-tools-for-stm32.11.3.rel1.win32_1.1.100.202309141235/tools/bin/../lib/gcc/arm-none-eabi/11.3.1/../../../../arm-none-eabi/lib/thumb/v7e-m+fp/hard\libc_nano.a
LOAD C:/ST/STM32CubeIDE_1.12.1/STM32CubeIDE/plugins/com.st.stm32cube.ide.mcu.externaltools.gnu-tools-for-stm32.11.3.rel1.win32_1.1.100.202309141235/tools/bin/../lib/gcc/arm-none-eabi/11.3.1/../../../../arm-none-eabi/lib/thumb/v7e-m+fp/hard\libnosys.a
END GROUP
LOAD C:/ST/STM32CubeIDE_1.12.1/STM32CubeIDE/plugins/com.st.stm32cube.ide.mcu.externaltools.gnu-tools-for-stm32.11.3.rel1.win32_1.1.100.202309141235/tools/bin/../lib/gcc/arm-none-eabi/11.3.1/thumb/v7e-m+fp/hard/crtend.o
LOAD C:/ST/STM32CubeIDE_1.12.1/STM32CubeIDE/plugins/com.st.stm32cube.ide.mcu.externaltools.gnu-tools-for-stm32.11.3.rel1.win32_1.1.100.202309141235/tools/bin/../lib/gcc/arm-none-eabi/11.3.1/thumb/v7e-m+fp/hard/crtn.o
                0x000000002000a000                _estack = (ORIGIN (RAM) + LENGTH (RAM))
                0x0000000000000200                _Min_Heap_Size = 0x200
                0x0000000000000400                _Min_Stack_Size = 0x400

.isr_vector     0x0000000008000000      0x188
                0x0000000008000000                . = ALIGN (0x4)
 *(.isr_vector)
 .isr_vector    0x0000000008000000      0x188 ./Core/Startup/startup_stm32f303cctx.o
                0x0000000008000000                g_pfnVectors
                0x0000000008000188                . = ALIGN (0x4)

.text           0x0000000008000190     0xc1c4
                0x0000000008000190                . = ALIGN (0x4)
 *(.text)
 .text          0x0000000008000190       0x40 C:/ST/STM32CubeIDE_1.12.1/STM32CubeIDE/plugins/com.st.stm32cube.ide.mcu.externaltools.gnu-tools-for-stm32.11.3.rel1.win32_1.1.100.202309141235/tools/bin/../lib/gcc/arm-none-eabi/11.3.1/thumb/v7e-m+fp/hard/crtbegin.o
 .text          0x00000000080001d0       0xa0 C:/ST/STM32CubeIDE_1.12.1/STM32CubeIDE/plugins/com.st.stm32cube.ide.mcu.externaltools.gnu-tools-for-stm32.11.3.rel1.win32_1.1.100.202309141235/tools/bin/../lib/gcc/arm-none-eabi/11.3.1/../../../../arm-none-eabi/lib/thumb/v7e-m+fp/hard\libc_nano.a(libc_a-memchr.o)
                0x00000000080001d0                memchr
 *(.text*)
 .text.ADC_Select_CH1
                0x0000000008000270       0x38 ./Core/Src/main.o
                0x0000000008000270                ADC_Select_CH1
 .text.ADC_Select_CH12
                0x00000000080002a8       0x38 ./Core/Src/main.o
                0x00000000080002a8                ADC_Select_CH12
 .text.ADC_read_1
                0x00000000080002e0       0x40 ./Core/Src/main.o
                0x00000000080002e0                ADC_read_1
 .text.ADC_read_12
                0x0000000008000320       0x40 ./Core/Src/main.o
                0x0000000008000320                ADC_read_12
 .text.PWM_correction
                0x0000000008000360      0x148 ./Core/Src/main.o
                0x0000000008000360                PWM_correction
 .text.lcd_write_nibble
                0x00000000080004a8       0x84 ./Core/Src/main.o
                0x00000000080004a8                lcd_write_nibble
 .text.lcd_send_cmd
                0x000000000800052c       0x46 ./Core/Src/main.o
                0x000000000800052c                lcd_send_cmd
 .text.lcd_send_data
                0x0000000008000572       0x34 ./Core/Src/main.o
                0x0000000008000572                lcd_send_data
 .text.lcd_init
                0x00000000080005a6       0x5e ./Core/Src/main.o
                0x00000000080005a6                lcd_init
 .text.lcd_write_string
                0x0000000008000604       0x2a ./Core/Src/main.o
                0x0000000008000604                lcd_write_string
 *fill*         0x000000000800062e        0x2 
 .text.lcd_set_cursor
                0x0000000008000630       0x6c ./Core/Src/main.o
                0x0000000008000630                lcd_set_cursor
 .text.lcd_clear
                0x000000000800069c       0x14 ./Core/Src/main.o
                0x000000000800069c                lcd_clear
 .text.Chanel_1_TIM_3
                0x00000000080006b0       0x34 ./Core/Src/main.o
                0x00000000080006b0                Chanel_1_TIM_3
 .text.Chanel_2_TIM_3
                0x00000000080006e4       0x34 ./Core/Src/main.o
                0x00000000080006e4                Chanel_2_TIM_3
 .text.Chanel_1_TIM_4
                0x0000000008000718       0x34 ./Core/Src/main.o
                0x0000000008000718                Chanel_1_TIM_4
 .text.Chanel_2_TIM_4
                0x000000000800074c       0x34 ./Core/Src/main.o
                0x000000000800074c                Chanel_2_TIM_4
 .text.HAL_TIM_PeriodElapsedCallback
                0x0000000008000780       0x80 ./Core/Src/main.o
                0x0000000008000780                HAL_TIM_PeriodElapsedCallback
 .text.HAL_UARTEx_RxEventCallback
                0x0000000008000800      0x134 ./Core/Src/main.o
                0x0000000008000800                HAL_UARTEx_RxEventCallback
 .text.main     0x0000000008000934      0x798 ./Core/Src/main.o
                0x0000000008000934                main
 .text.SystemClock_Config
                0x00000000080010cc       0xd8 ./Core/Src/main.o
                0x00000000080010cc                SystemClock_Config
 .text.MX_ADC1_Init
                0x00000000080011a4       0xe0 ./Core/Src/main.o
 .text.MX_ADC2_Init
                0x0000000008001284      0x12c ./Core/Src/main.o
 .text.MX_ADC3_Init
                0x00000000080013b0       0xe0 ./Core/Src/main.o
 .text.MX_I2C1_Init
                0x0000000008001490       0x80 ./Core/Src/main.o
 .text.MX_RTC_Init
                0x0000000008001510       0xb4 ./Core/Src/main.o
 .text.MX_TIM1_Init
                0x00000000080015c4      0x174 ./Core/Src/main.o
 .text.MX_TIM2_Init
                0x0000000008001738      0x104 ./Core/Src/main.o
 .text.MX_TIM3_Init
                0x000000000800183c       0x9c ./Core/Src/main.o
 .text.MX_TIM4_Init
                0x00000000080018d8       0x9c ./Core/Src/main.o
 .text.MX_TIM8_Init
                0x0000000008001974      0x15c ./Core/Src/main.o
 .text.MX_TIM15_Init
                0x0000000008001ad0      0x148 ./Core/Src/main.o
 .text.MX_USART1_UART_Init
                0x0000000008001c18       0x60 ./Core/Src/main.o
 .text.MX_USART2_UART_Init
                0x0000000008001c78       0x60 ./Core/Src/main.o
 .text.MX_DMA_Init
                0x0000000008001cd8       0x74 ./Core/Src/main.o
 .text.MX_GPIO_Init
                0x0000000008001d4c      0x1b8 ./Core/Src/main.o
 .text.HAL_TIM_IC_CaptureCallback
                0x0000000008001f04      0x1d4 ./Core/Src/main.o
                0x0000000008001f04                HAL_TIM_IC_CaptureCallback
 .text.HAL_GPIO_EXTI_Callback
                0x00000000080020d8      0x250 ./Core/Src/main.o
                0x00000000080020d8                HAL_GPIO_EXTI_Callback
 .text.HAL_UART_TxCpltCallback
                0x0000000008002328       0x1e ./Core/Src/main.o
                0x0000000008002328                HAL_UART_TxCpltCallback
 *fill*         0x0000000008002346        0x2 
 .text.HAL_ADC_ConvCpltCallback
                0x0000000008002348       0x2c ./Core/Src/main.o
                0x0000000008002348                HAL_ADC_ConvCpltCallback
 .text.Error_Handler
                0x0000000008002374        0xa ./Core/Src/main.o
                0x0000000008002374                Error_Handler
 .text.calcCRC16ModBus
                0x000000000800237e       0x8e ./Core/Src/modbusDevice.o
                0x000000000800237e                calcCRC16ModBus
 .text.sendModBusRequest
                0x000000000800240c       0x74 ./Core/Src/modbusDevice.o
                0x000000000800240c                sendModBusRequest
 .text.handleReadHoldingRegs
                0x0000000008002480       0xfc ./Core/Src/modbusSlave.o
                0x0000000008002480                handleReadHoldingRegs
 .text.handleReadInputRegs
                0x000000000800257c       0xf0 ./Core/Src/modbusSlave.o
                0x000000000800257c                handleReadInputRegs
 .text.handleWriteMulyipleHandlingRegister
                0x000000000800266c      0x100 ./Core/Src/modbusSlave.o
                0x000000000800266c                handleWriteMulyipleHandlingRegister
 .text.sendModbusException
                0x000000000800276c       0x44 ./Core/Src/modbusSlave.o
                0x000000000800276c                sendModbusException
 .text.HAL_MspInit
                0x00000000080027b0       0x54 ./Core/Src/stm32f3xx_hal_msp.o
                0x00000000080027b0                HAL_MspInit
 .text.HAL_ADC_MspInit
                0x0000000008002804      0x200 ./Core/Src/stm32f3xx_hal_msp.o
                0x0000000008002804                HAL_ADC_MspInit
 .text.HAL_I2C_MspInit
                0x0000000008002a04       0x88 ./Core/Src/stm32f3xx_hal_msp.o
                0x0000000008002a04                HAL_I2C_MspInit
 .text.HAL_RTC_MspInit
                0x0000000008002a8c       0x4c ./Core/Src/stm32f3xx_hal_msp.o
                0x0000000008002a8c                HAL_RTC_MspInit
 .text.HAL_TIM_Base_MspInit
                0x0000000008002ad8      0x178 ./Core/Src/stm32f3xx_hal_msp.o
                0x0000000008002ad8                HAL_TIM_Base_MspInit
 .text.HAL_TIM_MspPostInit
                0x0000000008002c50      0x164 ./Core/Src/stm32f3xx_hal_msp.o
                0x0000000008002c50                HAL_TIM_MspPostInit
 .text.HAL_UART_MspInit
                0x0000000008002db4      0x1dc ./Core/Src/stm32f3xx_hal_msp.o
                0x0000000008002db4                HAL_UART_MspInit
 .text.NMI_Handler
                0x0000000008002f90        0x6 ./Core/Src/stm32f3xx_it.o
                0x0000000008002f90                NMI_Handler
 .text.HardFault_Handler
                0x0000000008002f96        0x6 ./Core/Src/stm32f3xx_it.o
                0x0000000008002f96                HardFault_Handler
 .text.MemManage_Handler
                0x0000000008002f9c        0x6 ./Core/Src/stm32f3xx_it.o
                0x0000000008002f9c                MemManage_Handler
 .text.BusFault_Handler
                0x0000000008002fa2        0x6 ./Core/Src/stm32f3xx_it.o
                0x0000000008002fa2                BusFault_Handler
 .text.UsageFault_Handler
                0x0000000008002fa8        0x6 ./Core/Src/stm32f3xx_it.o
                0x0000000008002fa8                UsageFault_Handler
 .text.SVC_Handler
                0x0000000008002fae        0xe ./Core/Src/stm32f3xx_it.o
                0x0000000008002fae                SVC_Handler
 .text.DebugMon_Handler
                0x0000000008002fbc        0xe ./Core/Src/stm32f3xx_it.o
                0x0000000008002fbc                DebugMon_Handler
 .text.PendSV_Handler
                0x0000000008002fca        0xe ./Core/Src/stm32f3xx_it.o
                0x0000000008002fca                PendSV_Handler
 .text.SysTick_Handler
                0x0000000008002fd8        0xc ./Core/Src/stm32f3xx_it.o
                0x0000000008002fd8                SysTick_Handler
 .text.RCC_IRQHandler
                0x0000000008002fe4        0xe ./Core/Src/stm32f3xx_it.o
                0x0000000008002fe4                RCC_IRQHandler
 .text.EXTI1_IRQHandler
                0x0000000008002ff2        0xe ./Core/Src/stm32f3xx_it.o
                0x0000000008002ff2                EXTI1_IRQHandler
 .text.DMA1_Channel6_IRQHandler
                0x0000000008003000       0x14 ./Core/Src/stm32f3xx_it.o
                0x0000000008003000                DMA1_Channel6_IRQHandler
 .text.DMA1_Channel7_IRQHandler
                0x0000000008003014       0x14 ./Core/Src/stm32f3xx_it.o
                0x0000000008003014                DMA1_Channel7_IRQHandler
 .text.ADC1_2_IRQHandler
                0x0000000008003028       0x1c ./Core/Src/stm32f3xx_it.o
                0x0000000008003028                ADC1_2_IRQHandler
 .text.EXTI9_5_IRQHandler
                0x0000000008003044        0xe ./Core/Src/stm32f3xx_it.o
                0x0000000008003044                EXTI9_5_IRQHandler
 *fill*         0x0000000008003052        0x2 
 .text.TIM2_IRQHandler
                0x0000000008003054       0x14 ./Core/Src/stm32f3xx_it.o
                0x0000000008003054                TIM2_IRQHandler
 .text.TIM3_IRQHandler
                0x0000000008003068       0x14 ./Core/Src/stm32f3xx_it.o
                0x0000000008003068                TIM3_IRQHandler
 .text.TIM4_IRQHandler
                0x000000000800307c       0x14 ./Core/Src/stm32f3xx_it.o
                0x000000000800307c                TIM4_IRQHandler
 .text.USART2_IRQHandler
                0x0000000008003090       0x14 ./Core/Src/stm32f3xx_it.o
                0x0000000008003090                USART2_IRQHandler
 .text.EXTI15_10_IRQHandler
                0x00000000080030a4       0x18 ./Core/Src/stm32f3xx_it.o
                0x00000000080030a4                EXTI15_10_IRQHandler
 .text.DMA2_Channel1_IRQHandler
                0x00000000080030bc       0x14 ./Core/Src/stm32f3xx_it.o
                0x00000000080030bc                DMA2_Channel1_IRQHandler
 .text._sbrk    0x00000000080030d0       0x6c ./Core/Src/sysmem.o
                0x00000000080030d0                _sbrk
 .text.SystemInit
                0x000000000800313c       0x24 ./Core/Src/system_stm32f3xx.o
                0x000000000800313c                SystemInit
 .text.Reset_Handler
                0x0000000008003160       0x50 ./Core/Startup/startup_stm32f303cctx.o
                0x0000000008003160                Reset_Handler
 .text.Default_Handler
                0x00000000080031b0        0x2 ./Core/Startup/startup_stm32f303cctx.o
                0x00000000080031b0                RTC_Alarm_IRQHandler
                0x00000000080031b0                TIM8_TRG_COM_IRQHandler
                0x00000000080031b0                TIM8_CC_IRQHandler
                0x00000000080031b0                TIM1_CC_IRQHandler
                0x00000000080031b0                USB_HP_IRQHandler
                0x00000000080031b0                PVD_IRQHandler
                0x00000000080031b0                TAMP_STAMP_IRQHandler
                0x00000000080031b0                EXTI3_IRQHandler
                0x00000000080031b0                USB_HP_CAN_TX_IRQHandler
                0x00000000080031b0                EXTI0_IRQHandler
                0x00000000080031b0                I2C2_EV_IRQHandler
                0x00000000080031b0                FPU_IRQHandler
                0x00000000080031b0                TIM1_UP_TIM16_IRQHandler
                0x00000000080031b0                SPI1_IRQHandler
                0x00000000080031b0                CAN_SCE_IRQHandler
                0x00000000080031b0                TIM6_DAC_IRQHandler
                0x00000000080031b0                TIM8_UP_IRQHandler
                0x00000000080031b0                DMA2_Channel2_IRQHandler
                0x00000000080031b0                DMA1_Channel4_IRQHandler
                0x00000000080031b0                USART3_IRQHandler
                0x00000000080031b0                UART5_IRQHandler
                0x00000000080031b0                ADC3_IRQHandler
                0x00000000080031b0                CAN_RX1_IRQHandler
                0x00000000080031b0                I2C1_EV_IRQHandler
                0x00000000080031b0                UART4_IRQHandler
                0x00000000080031b0                DMA2_Channel4_IRQHandler
                0x00000000080031b0                DMA1_Channel1_IRQHandler
                0x00000000080031b0                Default_Handler
                0x00000000080031b0                USBWakeUp_RMP_IRQHandler
                0x00000000080031b0                TIM7_IRQHandler
                0x00000000080031b0                RTC_WKUP_IRQHandler
                0x00000000080031b0                SPI2_IRQHandler
                0x00000000080031b0                USB_LP_CAN_RX0_IRQHandler
                0x00000000080031b0                DMA2_Channel5_IRQHandler
                0x00000000080031b0                DMA1_Channel5_IRQHandler
                0x00000000080031b0                USB_LP_IRQHandler
                0x00000000080031b0                EXTI4_IRQHandler
                0x00000000080031b0                TIM1_TRG_COM_TIM17_IRQHandler
                0x00000000080031b0                DMA1_Channel3_IRQHandler
                0x00000000080031b0                ADC4_IRQHandler
                0x00000000080031b0                WWDG_IRQHandler
                0x00000000080031b0                COMP7_IRQHandler
                0x00000000080031b0                COMP1_2_3_IRQHandler
                0x00000000080031b0                COMP4_5_6_IRQHandler
                0x00000000080031b0                I2C2_ER_IRQHandler
                0x00000000080031b0                DMA1_Channel2_IRQHandler
                0x00000000080031b0                TIM8_BRK_IRQHandler
                0x00000000080031b0                FLASH_IRQHandler
                0x00000000080031b0                USART1_IRQHandler
                0x00000000080031b0                SPI3_IRQHandler
                0x00000000080031b0                I2C1_ER_IRQHandler
                0x00000000080031b0                USBWakeUp_IRQHandler
                0x00000000080031b0                DMA2_Channel3_IRQHandler
                0x00000000080031b0                EXTI2_TSC_IRQHandler
                0x00000000080031b0                TIM1_BRK_TIM15_IRQHandler
 *fill*         0x00000000080031b2        0x2 
 .text.HAL_Init
                0x00000000080031b4       0x2c ./Drivers/STM32F3xx_HAL_Driver/Src/stm32f3xx_hal.o
                0x00000000080031b4                HAL_Init
 .text.HAL_InitTick
                0x00000000080031e0       0x60 ./Drivers/STM32F3xx_HAL_Driver/Src/stm32f3xx_hal.o
                0x00000000080031e0                HAL_InitTick
 .text.HAL_IncTick
                0x0000000008003240       0x28 ./Drivers/STM32F3xx_HAL_Driver/Src/stm32f3xx_hal.o
                0x0000000008003240                HAL_IncTick
 .text.HAL_GetTick
                0x0000000008003268       0x18 ./Drivers/STM32F3xx_HAL_Driver/Src/stm32f3xx_hal.o
                0x0000000008003268                HAL_GetTick
 .text.HAL_Delay
                0x0000000008003280       0x48 ./Drivers/STM32F3xx_HAL_Driver/Src/stm32f3xx_hal.o
                0x0000000008003280                HAL_Delay
 .text.HAL_ADC_ConvHalfCpltCallback
                0x00000000080032c8       0x14 ./Drivers/STM32F3xx_HAL_Driver/Src/stm32f3xx_hal_adc.o
                0x00000000080032c8                HAL_ADC_ConvHalfCpltCallback
 .text.HAL_ADC_LevelOutOfWindowCallback
                0x00000000080032dc       0x14 ./Drivers/STM32F3xx_HAL_Driver/Src/stm32f3xx_hal_adc.o
                0x00000000080032dc                HAL_ADC_LevelOutOfWindowCallback
 .text.HAL_ADC_ErrorCallback
                0x00000000080032f0       0x14 ./Drivers/STM32F3xx_HAL_Driver/Src/stm32f3xx_hal_adc.o
                0x00000000080032f0                HAL_ADC_ErrorCallback
 .text.HAL_ADC_Init
                0x0000000008003304      0x3c0 ./Drivers/STM32F3xx_HAL_Driver/Src/stm32f3xx_hal_adc_ex.o
                0x0000000008003304                HAL_ADC_Init
 .text.HAL_ADC_Start
                0x00000000080036c4      0x22c ./Drivers/STM32F3xx_HAL_Driver/Src/stm32f3xx_hal_adc_ex.o
                0x00000000080036c4                HAL_ADC_Start
 .text.HAL_ADC_Stop
                0x00000000080038f0       0x6a ./Drivers/STM32F3xx_HAL_Driver/Src/stm32f3xx_hal_adc_ex.o
                0x00000000080038f0                HAL_ADC_Stop
 *fill*         0x000000000800395a        0x2 
 .text.HAL_ADC_PollForConversion
                0x000000000800395c      0x204 ./Drivers/STM32F3xx_HAL_Driver/Src/stm32f3xx_hal_adc_ex.o
                0x000000000800395c                HAL_ADC_PollForConversion
 .text.HAL_ADC_Start_DMA
                0x0000000008003b60      0x238 ./Drivers/STM32F3xx_HAL_Driver/Src/stm32f3xx_hal_adc_ex.o
                0x0000000008003b60                HAL_ADC_Start_DMA
 .text.HAL_ADC_Stop_DMA
                0x0000000008003d98       0xc4 ./Drivers/STM32F3xx_HAL_Driver/Src/stm32f3xx_hal_adc_ex.o
                0x0000000008003d98                HAL_ADC_Stop_DMA
 .text.HAL_ADC_GetValue
                0x0000000008003e5c       0x1a ./Drivers/STM32F3xx_HAL_Driver/Src/stm32f3xx_hal_adc_ex.o
                0x0000000008003e5c                HAL_ADC_GetValue
 *fill*         0x0000000008003e76        0x2 
 .text.HAL_ADC_IRQHandler
                0x0000000008003e78      0x5cc ./Drivers/STM32F3xx_HAL_Driver/Src/stm32f3xx_hal_adc_ex.o
                0x0000000008003e78                HAL_ADC_IRQHandler
 .text.HAL_ADCEx_Calibration_Start
                0x0000000008004444       0xe4 ./Drivers/STM32F3xx_HAL_Driver/Src/stm32f3xx_hal_adc_ex.o
                0x0000000008004444                HAL_ADCEx_Calibration_Start
 .text.HAL_ADCEx_InjectedConvCpltCallback
                0x0000000008004528       0x14 ./Drivers/STM32F3xx_HAL_Driver/Src/stm32f3xx_hal_adc_ex.o
                0x0000000008004528                HAL_ADCEx_InjectedConvCpltCallback
 .text.HAL_ADCEx_InjectedQueueOverflowCallback
                0x000000000800453c       0x14 ./Drivers/STM32F3xx_HAL_Driver/Src/stm32f3xx_hal_adc_ex.o
                0x000000000800453c                HAL_ADCEx_InjectedQueueOverflowCallback
 .text.HAL_ADCEx_LevelOutOfWindow2Callback
                0x0000000008004550       0x14 ./Drivers/STM32F3xx_HAL_Driver/Src/stm32f3xx_hal_adc_ex.o
                0x0000000008004550                HAL_ADCEx_LevelOutOfWindow2Callback
 .text.HAL_ADCEx_LevelOutOfWindow3Callback
                0x0000000008004564       0x14 ./Drivers/STM32F3xx_HAL_Driver/Src/stm32f3xx_hal_adc_ex.o
                0x0000000008004564                HAL_ADCEx_LevelOutOfWindow3Callback
 .text.HAL_ADC_ConfigChannel
                0x0000000008004578      0x5d4 ./Drivers/STM32F3xx_HAL_Driver/Src/stm32f3xx_hal_adc_ex.o
                0x0000000008004578                HAL_ADC_ConfigChannel
 .text.HAL_ADCEx_MultiModeConfigChannel
                0x0000000008004b4c      0x1e4 ./Drivers/STM32F3xx_HAL_Driver/Src/stm32f3xx_hal_adc_ex.o
                0x0000000008004b4c                HAL_ADCEx_MultiModeConfigChannel
 .text.ADC_DMAConvCplt
                0x0000000008004d30       0x7a ./Drivers/STM32F3xx_HAL_Driver/Src/stm32f3xx_hal_adc_ex.o
 .text.ADC_DMAHalfConvCplt
                0x0000000008004daa       0x1c ./Drivers/STM32F3xx_HAL_Driver/Src/stm32f3xx_hal_adc_ex.o
 .text.ADC_DMAError
                0x0000000008004dc6       0x34 ./Drivers/STM32F3xx_HAL_Driver/Src/stm32f3xx_hal_adc_ex.o
 *fill*         0x0000000008004dfa        0x2 
 .text.ADC_Enable
                0x0000000008004dfc       0xc8 ./Drivers/STM32F3xx_HAL_Driver/Src/stm32f3xx_hal_adc_ex.o
 .text.ADC_Disable
                0x0000000008004ec4       0xcc ./Drivers/STM32F3xx_HAL_Driver/Src/stm32f3xx_hal_adc_ex.o
 .text.ADC_ConversionStop
                0x0000000008004f90      0x16c ./Drivers/STM32F3xx_HAL_Driver/Src/stm32f3xx_hal_adc_ex.o
 .text.__NVIC_SetPriorityGrouping
                0x00000000080050fc       0x48 ./Drivers/STM32F3xx_HAL_Driver/Src/stm32f3xx_hal_cortex.o
 .text.__NVIC_GetPriorityGrouping
                0x0000000008005144       0x1c ./Drivers/STM32F3xx_HAL_Driver/Src/stm32f3xx_hal_cortex.o
 .text.__NVIC_EnableIRQ
                0x0000000008005160       0x3c ./Drivers/STM32F3xx_HAL_Driver/Src/stm32f3xx_hal_cortex.o
 .text.__NVIC_SetPriority
                0x000000000800519c       0x54 ./Drivers/STM32F3xx_HAL_Driver/Src/stm32f3xx_hal_cortex.o
 .text.NVIC_EncodePriority
                0x00000000080051f0       0x66 ./Drivers/STM32F3xx_HAL_Driver/Src/stm32f3xx_hal_cortex.o
 *fill*         0x0000000008005256        0x2 
 .text.SysTick_Config
                0x0000000008005258       0x44 ./Drivers/STM32F3xx_HAL_Driver/Src/stm32f3xx_hal_cortex.o
 .text.HAL_NVIC_SetPriorityGrouping
                0x000000000800529c       0x16 ./Drivers/STM32F3xx_HAL_Driver/Src/stm32f3xx_hal_cortex.o
                0x000000000800529c                HAL_NVIC_SetPriorityGrouping
 .text.HAL_NVIC_SetPriority
                0x00000000080052b2       0x38 ./Drivers/STM32F3xx_HAL_Driver/Src/stm32f3xx_hal_cortex.o
                0x00000000080052b2                HAL_NVIC_SetPriority
 .text.HAL_NVIC_EnableIRQ
                0x00000000080052ea       0x1c ./Drivers/STM32F3xx_HAL_Driver/Src/stm32f3xx_hal_cortex.o
                0x00000000080052ea                HAL_NVIC_EnableIRQ
 .text.HAL_SYSTICK_Config
                0x0000000008005306       0x18 ./Drivers/STM32F3xx_HAL_Driver/Src/stm32f3xx_hal_cortex.o
                0x0000000008005306                HAL_SYSTICK_Config
 .text.HAL_DMA_Init
                0x000000000800531e       0x8e ./Drivers/STM32F3xx_HAL_Driver/Src/stm32f3xx_hal_dma.o
                0x000000000800531e                HAL_DMA_Init
 .text.HAL_DMA_Start_IT
                0x00000000080053ac       0xbe ./Drivers/STM32F3xx_HAL_Driver/Src/stm32f3xx_hal_dma.o
                0x00000000080053ac                HAL_DMA_Start_IT
 .text.HAL_DMA_Abort
                0x000000000800546a       0x72 ./Drivers/STM32F3xx_HAL_Driver/Src/stm32f3xx_hal_dma.o
                0x000000000800546a                HAL_DMA_Abort
 .text.HAL_DMA_Abort_IT
                0x00000000080054dc       0x7c ./Drivers/STM32F3xx_HAL_Driver/Src/stm32f3xx_hal_dma.o
                0x00000000080054dc                HAL_DMA_Abort_IT
 .text.HAL_DMA_IRQHandler
                0x0000000008005558      0x146 ./Drivers/STM32F3xx_HAL_Driver/Src/stm32f3xx_hal_dma.o
                0x0000000008005558                HAL_DMA_IRQHandler
 .text.DMA_SetConfig
                0x000000000800569e       0x5c ./Drivers/STM32F3xx_HAL_Driver/Src/stm32f3xx_hal_dma.o
 *fill*         0x00000000080056fa        0x2 
 .text.DMA_CalcBaseAndBitshift
                0x00000000080056fc       0x78 ./Drivers/STM32F3xx_HAL_Driver/Src/stm32f3xx_hal_dma.o
 .text.HAL_GPIO_Init
                0x0000000008005774      0x2f4 ./Drivers/STM32F3xx_HAL_Driver/Src/stm32f3xx_hal_gpio.o
                0x0000000008005774                HAL_GPIO_Init
 .text.HAL_GPIO_ReadPin
                0x0000000008005a68       0x30 ./Drivers/STM32F3xx_HAL_Driver/Src/stm32f3xx_hal_gpio.o
                0x0000000008005a68                HAL_GPIO_ReadPin
 .text.HAL_GPIO_WritePin
                0x0000000008005a98       0x30 ./Drivers/STM32F3xx_HAL_Driver/Src/stm32f3xx_hal_gpio.o
                0x0000000008005a98                HAL_GPIO_WritePin
 .text.HAL_GPIO_TogglePin
                0x0000000008005ac8       0x34 ./Drivers/STM32F3xx_HAL_Driver/Src/stm32f3xx_hal_gpio.o
                0x0000000008005ac8                HAL_GPIO_TogglePin
 .text.HAL_GPIO_EXTI_IRQHandler
                0x0000000008005afc       0x30 ./Drivers/STM32F3xx_HAL_Driver/Src/stm32f3xx_hal_gpio.o
                0x0000000008005afc                HAL_GPIO_EXTI_IRQHandler
 .text.HAL_I2C_Init
                0x0000000008005b2c      0x11e ./Drivers/STM32F3xx_HAL_Driver/Src/stm32f3xx_hal_i2c.o
                0x0000000008005b2c                HAL_I2C_Init
 *fill*         0x0000000008005c4a        0x2 
 .text.HAL_I2C_Master_Transmit
                0x0000000008005c4c      0x1e8 ./Drivers/STM32F3xx_HAL_Driver/Src/stm32f3xx_hal_i2c.o
                0x0000000008005c4c                HAL_I2C_Master_Transmit
 .text.HAL_I2C_Master_Receive
                0x0000000008005e34      0x1ec ./Drivers/STM32F3xx_HAL_Driver/Src/stm32f3xx_hal_i2c.o
                0x0000000008005e34                HAL_I2C_Master_Receive
 .text.I2C_Flush_TXDR
                0x0000000008006020       0x48 ./Drivers/STM32F3xx_HAL_Driver/Src/stm32f3xx_hal_i2c.o
 .text.I2C_WaitOnFlagUntilTimeout
                0x0000000008006068       0x9e ./Drivers/STM32F3xx_HAL_Driver/Src/stm32f3xx_hal_i2c.o
 .text.I2C_WaitOnTXISFlagUntilTimeout
                0x0000000008006106       0x8e ./Drivers/STM32F3xx_HAL_Driver/Src/stm32f3xx_hal_i2c.o
 .text.I2C_WaitOnSTOPFlagUntilTimeout
                0x0000000008006194       0x86 ./Drivers/STM32F3xx_HAL_Driver/Src/stm32f3xx_hal_i2c.o
 *fill*         0x000000000800621a        0x2 
 .text.I2C_WaitOnRXNEFlagUntilTimeout
                0x000000000800621c      0x104 ./Drivers/STM32F3xx_HAL_Driver/Src/stm32f3xx_hal_i2c.o
 .text.I2C_IsErrorOccurred
                0x0000000008006320      0x1c0 ./Drivers/STM32F3xx_HAL_Driver/Src/stm32f3xx_hal_i2c.o
 .text.I2C_TransferConfig
                0x00000000080064e0       0x64 ./Drivers/STM32F3xx_HAL_Driver/Src/stm32f3xx_hal_i2c.o
 .text.HAL_I2CEx_ConfigAnalogFilter
                0x0000000008006544       0x96 ./Drivers/STM32F3xx_HAL_Driver/Src/stm32f3xx_hal_i2c_ex.o
                0x0000000008006544                HAL_I2CEx_ConfigAnalogFilter
 .text.HAL_I2CEx_ConfigDigitalFilter
                0x00000000080065da       0x98 ./Drivers/STM32F3xx_HAL_Driver/Src/stm32f3xx_hal_i2c_ex.o
                0x00000000080065da                HAL_I2CEx_ConfigDigitalFilter
 *fill*         0x0000000008006672        0x2 
 .text.HAL_RCC_OscConfig
                0x0000000008006674     0x107c ./Drivers/STM32F3xx_HAL_Driver/Src/stm32f3xx_hal_rcc.o
                0x0000000008006674                HAL_RCC_OscConfig
 .text.HAL_RCC_ClockConfig
                0x00000000080076f0      0x2f8 ./Drivers/STM32F3xx_HAL_Driver/Src/stm32f3xx_hal_rcc.o
                0x00000000080076f0                HAL_RCC_ClockConfig
 .text.HAL_RCC_GetSysClockFreq
                0x00000000080079e8       0xd4 ./Drivers/STM32F3xx_HAL_Driver/Src/stm32f3xx_hal_rcc.o
                0x00000000080079e8                HAL_RCC_GetSysClockFreq
 .text.HAL_RCC_GetHCLKFreq
                0x0000000008007abc       0x18 ./Drivers/STM32F3xx_HAL_Driver/Src/stm32f3xx_hal_rcc.o
                0x0000000008007abc                HAL_RCC_GetHCLKFreq
 .text.HAL_RCC_GetPCLK1Freq
                0x0000000008007ad4       0x44 ./Drivers/STM32F3xx_HAL_Driver/Src/stm32f3xx_hal_rcc.o
                0x0000000008007ad4                HAL_RCC_GetPCLK1Freq
 .text.HAL_RCC_GetPCLK2Freq
                0x0000000008007b18       0x44 ./Drivers/STM32F3xx_HAL_Driver/Src/stm32f3xx_hal_rcc.o
                0x0000000008007b18                HAL_RCC_GetPCLK2Freq
 .text.HAL_RCCEx_PeriphCLKConfig
                0x0000000008007b5c      0x360 ./Drivers/STM32F3xx_HAL_Driver/Src/stm32f3xx_hal_rcc_ex.o
                0x0000000008007b5c                HAL_RCCEx_PeriphCLKConfig
 .text.HAL_RTC_Init
                0x0000000008007ebc      0x106 ./Drivers/STM32F3xx_HAL_Driver/Src/stm32f3xx_hal_rtc.o
                0x0000000008007ebc                HAL_RTC_Init
 .text.HAL_RTC_SetTime
                0x0000000008007fc2      0x134 ./Drivers/STM32F3xx_HAL_Driver/Src/stm32f3xx_hal_rtc.o
                0x0000000008007fc2                HAL_RTC_SetTime
 .text.HAL_RTC_GetTime
                0x00000000080080f6       0xbc ./Drivers/STM32F3xx_HAL_Driver/Src/stm32f3xx_hal_rtc.o
                0x00000000080080f6                HAL_RTC_GetTime
 .text.HAL_RTC_SetDate
                0x00000000080081b2      0x108 ./Drivers/STM32F3xx_HAL_Driver/Src/stm32f3xx_hal_rtc.o
                0x00000000080081b2                HAL_RTC_SetDate
 .text.HAL_RTC_GetDate
                0x00000000080082ba       0x9e ./Drivers/STM32F3xx_HAL_Driver/Src/stm32f3xx_hal_rtc.o
                0x00000000080082ba                HAL_RTC_GetDate
 .text.HAL_RTC_WaitForSynchro
                0x0000000008008358       0x4c ./Drivers/STM32F3xx_HAL_Driver/Src/stm32f3xx_hal_rtc.o
                0x0000000008008358                HAL_RTC_WaitForSynchro
 .text.RTC_EnterInitMode
                0x00000000080083a4       0x6e ./Drivers/STM32F3xx_HAL_Driver/Src/stm32f3xx_hal_rtc.o
                0x00000000080083a4                RTC_EnterInitMode
 .text.RTC_ExitInitMode
                0x0000000008008412       0x4a ./Drivers/STM32F3xx_HAL_Driver/Src/stm32f3xx_hal_rtc.o
                0x0000000008008412                RTC_ExitInitMode
 .text.RTC_ByteToBcd2
                0x000000000800845c       0x3c ./Drivers/STM32F3xx_HAL_Driver/Src/stm32f3xx_hal_rtc.o
                0x000000000800845c                RTC_ByteToBcd2
 .text.RTC_Bcd2ToByte
                0x0000000008008498       0x3c ./Drivers/STM32F3xx_HAL_Driver/Src/stm32f3xx_hal_rtc.o
                0x0000000008008498                RTC_Bcd2ToByte
 .text.HAL_TIM_Base_Init
                0x00000000080084d4       0xae ./Drivers/STM32F3xx_HAL_Driver/Src/stm32f3xx_hal_tim.o
                0x00000000080084d4                HAL_TIM_Base_Init
 *fill*         0x0000000008008582        0x2 
 .text.HAL_TIM_Base_Start_IT
                0x0000000008008584       0xd4 ./Drivers/STM32F3xx_HAL_Driver/Src/stm32f3xx_hal_tim.o
                0x0000000008008584                HAL_TIM_Base_Start_IT
 .text.HAL_TIM_Base_Stop_IT
                0x0000000008008658       0x5e ./Drivers/STM32F3xx_HAL_Driver/Src/stm32f3xx_hal_tim.o
                0x0000000008008658                HAL_TIM_Base_Stop_IT
 .text.HAL_TIM_PWM_Init
                0x00000000080086b6       0xae ./Drivers/STM32F3xx_HAL_Driver/Src/stm32f3xx_hal_tim.o
                0x00000000080086b6                HAL_TIM_PWM_Init
 .text.HAL_TIM_PWM_MspInit
                0x0000000008008764       0x14 ./Drivers/STM32F3xx_HAL_Driver/Src/stm32f3xx_hal_tim.o
                0x0000000008008764                HAL_TIM_PWM_MspInit
 .text.HAL_TIM_PWM_Start
                0x0000000008008778      0x200 ./Drivers/STM32F3xx_HAL_Driver/Src/stm32f3xx_hal_tim.o
                0x0000000008008778                HAL_TIM_PWM_Start
 .text.HAL_TIM_PWM_Stop
                0x0000000008008978      0x12c ./Drivers/STM32F3xx_HAL_Driver/Src/stm32f3xx_hal_tim.o
                0x0000000008008978                HAL_TIM_PWM_Stop
 .text.HAL_TIM_IC_Init
                0x0000000008008aa4       0xae ./Drivers/STM32F3xx_HAL_Driver/Src/stm32f3xx_hal_tim.o
                0x0000000008008aa4                HAL_TIM_IC_Init
 .text.HAL_TIM_IC_MspInit
                0x0000000008008b52       0x14 ./Drivers/STM32F3xx_HAL_Driver/Src/stm32f3xx_hal_tim.o
                0x0000000008008b52                HAL_TIM_IC_MspInit
 *fill*         0x0000000008008b66        0x2 
 .text.HAL_TIM_IC_Start_IT
                0x0000000008008b68      0x284 ./Drivers/STM32F3xx_HAL_Driver/Src/stm32f3xx_hal_tim.o
                0x0000000008008b68                HAL_TIM_IC_Start_IT
 .text.HAL_TIM_IRQHandler
                0x0000000008008dec      0x23e ./Drivers/STM32F3xx_HAL_Driver/Src/stm32f3xx_hal_tim.o
                0x0000000008008dec                HAL_TIM_IRQHandler
 .text.HAL_TIM_IC_ConfigChannel
                0x000000000800902a      0x138 ./Drivers/STM32F3xx_HAL_Driver/Src/stm32f3xx_hal_tim.o
                0x000000000800902a                HAL_TIM_IC_ConfigChannel
 *fill*         0x0000000008009162        0x2 
 .text.HAL_TIM_PWM_ConfigChannel
                0x0000000008009164      0x228 ./Drivers/STM32F3xx_HAL_Driver/Src/stm32f3xx_hal_tim.o
                0x0000000008009164                HAL_TIM_PWM_ConfigChannel
 .text.HAL_TIM_ConfigClockSource
                0x000000000800938c      0x192 ./Drivers/STM32F3xx_HAL_Driver/Src/stm32f3xx_hal_tim.o
                0x000000000800938c                HAL_TIM_ConfigClockSource
 *fill*         0x000000000800951e        0x2 
 .text.HAL_TIM_ReadCapturedValue
                0x0000000008009520       0x88 ./Drivers/STM32F3xx_HAL_Driver/Src/stm32f3xx_hal_tim.o
                0x0000000008009520                HAL_TIM_ReadCapturedValue
 .text.HAL_TIM_OC_DelayElapsedCallback
                0x00000000080095a8       0x14 ./Drivers/STM32F3xx_HAL_Driver/Src/stm32f3xx_hal_tim.o
                0x00000000080095a8                HAL_TIM_OC_DelayElapsedCallback
 .text.HAL_TIM_PWM_PulseFinishedCallback
                0x00000000080095bc       0x14 ./Drivers/STM32F3xx_HAL_Driver/Src/stm32f3xx_hal_tim.o
                0x00000000080095bc                HAL_TIM_PWM_PulseFinishedCallback
 .text.HAL_TIM_TriggerCallback
                0x00000000080095d0       0x14 ./Drivers/STM32F3xx_HAL_Driver/Src/stm32f3xx_hal_tim.o
                0x00000000080095d0                HAL_TIM_TriggerCallback
 .text.TIM_Base_SetConfig
                0x00000000080095e4      0x120 ./Drivers/STM32F3xx_HAL_Driver/Src/stm32f3xx_hal_tim.o
                0x00000000080095e4                TIM_Base_SetConfig
 .text.TIM_OC1_SetConfig
                0x0000000008009704      0x120 ./Drivers/STM32F3xx_HAL_Driver/Src/stm32f3xx_hal_tim.o
 .text.TIM_OC2_SetConfig
                0x0000000008009824      0x114 ./Drivers/STM32F3xx_HAL_Driver/Src/stm32f3xx_hal_tim.o
                0x0000000008009824                TIM_OC2_SetConfig
 .text.TIM_OC3_SetConfig
                0x0000000008009938      0x110 ./Drivers/STM32F3xx_HAL_Driver/Src/stm32f3xx_hal_tim.o
 .text.TIM_OC4_SetConfig
                0x0000000008009a48       0xd4 ./Drivers/STM32F3xx_HAL_Driver/Src/stm32f3xx_hal_tim.o
 .text.TIM_OC5_SetConfig
                0x0000000008009b1c       0xc8 ./Drivers/STM32F3xx_HAL_Driver/Src/stm32f3xx_hal_tim.o
 .text.TIM_OC6_SetConfig
                0x0000000008009be4       0xcc ./Drivers/STM32F3xx_HAL_Driver/Src/stm32f3xx_hal_tim.o
 .text.TIM_TI1_SetConfig
                0x0000000008009cb0       0xd0 ./Drivers/STM32F3xx_HAL_Driver/Src/stm32f3xx_hal_tim.o
                0x0000000008009cb0                TIM_TI1_SetConfig
 .text.TIM_TI1_ConfigInputStage
                0x0000000008009d80       0x5e ./Drivers/STM32F3xx_HAL_Driver/Src/stm32f3xx_hal_tim.o
 .text.TIM_TI2_SetConfig
                0x0000000008009dde       0x7a ./Drivers/STM32F3xx_HAL_Driver/Src/stm32f3xx_hal_tim.o
 .text.TIM_TI2_ConfigInputStage
                0x0000000008009e58       0x60 ./Drivers/STM32F3xx_HAL_Driver/Src/stm32f3xx_hal_tim.o
 .text.TIM_TI3_SetConfig
                0x0000000008009eb8       0x78 ./Drivers/STM32F3xx_HAL_Driver/Src/stm32f3xx_hal_tim.o
 .text.TIM_TI4_SetConfig
                0x0000000008009f30       0x7a ./Drivers/STM32F3xx_HAL_Driver/Src/stm32f3xx_hal_tim.o
 .text.TIM_ITRx_SetConfig
                0x0000000008009faa       0x36 ./Drivers/STM32F3xx_HAL_Driver/Src/stm32f3xx_hal_tim.o
 .text.TIM_ETR_SetConfig
                0x0000000008009fe0       0x40 ./Drivers/STM32F3xx_HAL_Driver/Src/stm32f3xx_hal_tim.o
                0x0000000008009fe0                TIM_ETR_SetConfig
 .text.TIM_CCxChannelCmd
                0x000000000800a020       0x4a ./Drivers/STM32F3xx_HAL_Driver/Src/stm32f3xx_hal_tim.o
                0x000000000800a020                TIM_CCxChannelCmd
 *fill*         0x000000000800a06a        0x2 
 .text.HAL_TIMEx_PWMN_Start
                0x000000000800a06c      0x168 ./Drivers/STM32F3xx_HAL_Driver/Src/stm32f3xx_hal_tim_ex.o
                0x000000000800a06c                HAL_TIMEx_PWMN_Start
 .text.HAL_TIMEx_PWMN_Stop
                0x000000000800a1d4       0xba ./Drivers/STM32F3xx_HAL_Driver/Src/stm32f3xx_hal_tim_ex.o
                0x000000000800a1d4                HAL_TIMEx_PWMN_Stop
 *fill*         0x000000000800a28e        0x2 
 .text.HAL_TIMEx_MasterConfigSynchronization
                0x000000000800a290      0x100 ./Drivers/STM32F3xx_HAL_Driver/Src/stm32f3xx_hal_tim_ex.o
                0x000000000800a290                HAL_TIMEx_MasterConfigSynchronization
 .text.HAL_TIMEx_ConfigBreakDeadTime
                0x000000000800a390       0xfc ./Drivers/STM32F3xx_HAL_Driver/Src/stm32f3xx_hal_tim_ex.o
                0x000000000800a390                HAL_TIMEx_ConfigBreakDeadTime
 .text.HAL_TIMEx_CommutCallback
                0x000000000800a48c       0x14 ./Drivers/STM32F3xx_HAL_Driver/Src/stm32f3xx_hal_tim_ex.o
                0x000000000800a48c                HAL_TIMEx_CommutCallback
 .text.HAL_TIMEx_BreakCallback
                0x000000000800a4a0       0x14 ./Drivers/STM32F3xx_HAL_Driver/Src/stm32f3xx_hal_tim_ex.o
                0x000000000800a4a0                HAL_TIMEx_BreakCallback
 .text.HAL_TIMEx_Break2Callback
                0x000000000800a4b4       0x14 ./Drivers/STM32F3xx_HAL_Driver/Src/stm32f3xx_hal_tim_ex.o
                0x000000000800a4b4                HAL_TIMEx_Break2Callback
 .text.TIM_CCxNChannelCmd
                0x000000000800a4c8       0x4a ./Drivers/STM32F3xx_HAL_Driver/Src/stm32f3xx_hal_tim_ex.o
 .text.HAL_UART_Init
                0x000000000800a512       0x9c ./Drivers/STM32F3xx_HAL_Driver/Src/stm32f3xx_hal_uart.o
                0x000000000800a512                HAL_UART_Init
 *fill*         0x000000000800a5ae        0x2 
 .text.HAL_UART_Transmit_DMA
                0x000000000800a5b0       0xf8 ./Drivers/STM32F3xx_HAL_Driver/Src/stm32f3xx_hal_uart.o
                0x000000000800a5b0                HAL_UART_Transmit_DMA
 .text.HAL_UART_IRQHandler
                0x000000000800a6a8      0x5cc ./Drivers/STM32F3xx_HAL_Driver/Src/stm32f3xx_hal_uart.o
                0x000000000800a6a8                HAL_UART_IRQHandler
 .text.HAL_UART_TxHalfCpltCallback
                0x000000000800ac74       0x14 ./Drivers/STM32F3xx_HAL_Driver/Src/stm32f3xx_hal_uart.o
                0x000000000800ac74                HAL_UART_TxHalfCpltCallback
 .text.HAL_UART_RxCpltCallback
                0x000000000800ac88       0x14 ./Drivers/STM32F3xx_HAL_Driver/Src/stm32f3xx_hal_uart.o
                0x000000000800ac88                HAL_UART_RxCpltCallback
 .text.HAL_UART_RxHalfCpltCallback
                0x000000000800ac9c       0x14 ./Drivers/STM32F3xx_HAL_Driver/Src/stm32f3xx_hal_uart.o
                0x000000000800ac9c                HAL_UART_RxHalfCpltCallback
 .text.HAL_UART_ErrorCallback
                0x000000000800acb0       0x14 ./Drivers/STM32F3xx_HAL_Driver/Src/stm32f3xx_hal_uart.o
                0x000000000800acb0                HAL_UART_ErrorCallback
 .text.UART_SetConfig
                0x000000000800acc4      0x3a8 ./Drivers/STM32F3xx_HAL_Driver/Src/stm32f3xx_hal_uart.o
                0x000000000800acc4                UART_SetConfig
 .text.UART_AdvFeatureConfig
                0x000000000800b06c      0x144 ./Drivers/STM32F3xx_HAL_Driver/Src/stm32f3xx_hal_uart.o
                0x000000000800b06c                UART_AdvFeatureConfig
 .text.UART_CheckIdleState
                0x000000000800b1b0      0x150 ./Drivers/STM32F3xx_HAL_Driver/Src/stm32f3xx_hal_uart.o
                0x000000000800b1b0                UART_CheckIdleState
 .text.UART_WaitOnFlagUntilTimeout
                0x000000000800b300       0xce ./Drivers/STM32F3xx_HAL_Driver/Src/stm32f3xx_hal_uart.o
                0x000000000800b300                UART_WaitOnFlagUntilTimeout
 *fill*         0x000000000800b3ce        0x2 
 .text.UART_Start_Receive_DMA
                0x000000000800b3d0      0x140 ./Drivers/STM32F3xx_HAL_Driver/Src/stm32f3xx_hal_uart.o
                0x000000000800b3d0                UART_Start_Receive_DMA
 .text.UART_EndTxTransfer
                0x000000000800b510       0x4c ./Drivers/STM32F3xx_HAL_Driver/Src/stm32f3xx_hal_uart.o
 .text.UART_EndRxTransfer
                0x000000000800b55c       0xc8 ./Drivers/STM32F3xx_HAL_Driver/Src/stm32f3xx_hal_uart.o
 .text.UART_DMATransmitCplt
                0x000000000800b624       0x94 ./Drivers/STM32F3xx_HAL_Driver/Src/stm32f3xx_hal_uart.o
 .text.UART_DMATxHalfCplt
                0x000000000800b6b8       0x1c ./Drivers/STM32F3xx_HAL_Driver/Src/stm32f3xx_hal_uart.o
 .text.UART_DMAReceiveCplt
                0x000000000800b6d4      0x126 ./Drivers/STM32F3xx_HAL_Driver/Src/stm32f3xx_hal_uart.o
 .text.UART_DMARxHalfCplt
                0x000000000800b7fa       0x3e ./Drivers/STM32F3xx_HAL_Driver/Src/stm32f3xx_hal_uart.o
 .text.UART_DMAError
                0x000000000800b838       0x7e ./Drivers/STM32F3xx_HAL_Driver/Src/stm32f3xx_hal_uart.o
 .text.UART_DMAAbortOnError
                0x000000000800b8b6       0x2c ./Drivers/STM32F3xx_HAL_Driver/Src/stm32f3xx_hal_uart.o
 .text.UART_EndTransmit_IT
                0x000000000800b8e2       0x54 ./Drivers/STM32F3xx_HAL_Driver/Src/stm32f3xx_hal_uart.o
 .text.HAL_UARTEx_WakeupCallback
                0x000000000800b936       0x14 ./Drivers/STM32F3xx_HAL_Driver/Src/stm32f3xx_hal_uart_ex.o
                0x000000000800b936                HAL_UARTEx_WakeupCallback
 .text.HAL_UARTEx_ReceiveToIdle_DMA
                0x000000000800b94a       0xa8 ./Drivers/STM32F3xx_HAL_Driver/Src/stm32f3xx_hal_uart_ex.o
                0x000000000800b94a                HAL_UARTEx_ReceiveToIdle_DMA
 *fill*         0x000000000800b9f2        0x2 
 .text.sprintf  0x000000000800b9f4       0x40 C:/ST/STM32CubeIDE_1.12.1/STM32CubeIDE/plugins/com.st.stm32cube.ide.mcu.externaltools.gnu-tools-for-stm32.11.3.rel1.win32_1.1.100.202309141235/tools/bin/../lib/gcc/arm-none-eabi/11.3.1/../../../../arm-none-eabi/lib/thumb/v7e-m+fp/hard\libc_nano.a(libc_a-sprintf.o)
                0x000000000800b9f4                siprintf
                0x000000000800b9f4                sprintf
 .text.memset   0x000000000800ba34       0x10 C:/ST/STM32CubeIDE_1.12.1/STM32CubeIDE/plugins/com.st.stm32cube.ide.mcu.externaltools.gnu-tools-for-stm32.11.3.rel1.win32_1.1.100.202309141235/tools/bin/../lib/gcc/arm-none-eabi/11.3.1/../../../../arm-none-eabi/lib/thumb/v7e-m+fp/hard\libc_nano.a(libc_a-memset.o)
                0x000000000800ba34                memset
 .text.__errno  0x000000000800ba44        0xc C:/ST/STM32CubeIDE_1.12.1/STM32CubeIDE/plugins/com.st.stm32cube.ide.mcu.externaltools.gnu-tools-for-stm32.11.3.rel1.win32_1.1.100.202309141235/tools/bin/../lib/gcc/arm-none-eabi/11.3.1/../../../../arm-none-eabi/lib/thumb/v7e-m+fp/hard\libc_nano.a(libc_a-errno.o)
                0x000000000800ba44                __errno
 .text.__libc_init_array
                0x000000000800ba50       0x48 C:/ST/STM32CubeIDE_1.12.1/STM32CubeIDE/plugins/com.st.stm32cube.ide.mcu.externaltools.gnu-tools-for-stm32.11.3.rel1.win32_1.1.100.202309141235/tools/bin/../lib/gcc/arm-none-eabi/11.3.1/../../../../arm-none-eabi/lib/thumb/v7e-m+fp/hard\libc_nano.a(libc_a-init.o)
                0x000000000800ba50                __libc_init_array
 .text.__retarget_lock_acquire_recursive
                0x000000000800ba98        0x2 C:/ST/STM32CubeIDE_1.12.1/STM32CubeIDE/plugins/com.st.stm32cube.ide.mcu.externaltools.gnu-tools-for-stm32.11.3.rel1.win32_1.1.100.202309141235/tools/bin/../lib/gcc/arm-none-eabi/11.3.1/../../../../arm-none-eabi/lib/thumb/v7e-m+fp/hard\libc_nano.a(libc_a-lock.o)
                0x000000000800ba98                __retarget_lock_acquire_recursive
 .text.__retarget_lock_release_recursive
                0x000000000800ba9a        0x2 C:/ST/STM32CubeIDE_1.12.1/STM32CubeIDE/plugins/com.st.stm32cube.ide.mcu.externaltools.gnu-tools-for-stm32.11.3.rel1.win32_1.1.100.202309141235/tools/bin/../lib/gcc/arm-none-eabi/11.3.1/../../../../arm-none-eabi/lib/thumb/v7e-m+fp/hard\libc_nano.a(libc_a-lock.o)
                0x000000000800ba9a                __retarget_lock_release_recursive
 .text._free_r  0x000000000800ba9c       0x98 C:/ST/STM32CubeIDE_1.12.1/STM32CubeIDE/plugins/com.st.stm32cube.ide.mcu.externaltools.gnu-tools-for-stm32.11.3.rel1.win32_1.1.100.202309141235/tools/bin/../lib/gcc/arm-none-eabi/11.3.1/../../../../arm-none-eabi/lib/thumb/v7e-m+fp/hard\libc_nano.a(libc_a-freer.o)
                0x000000000800ba9c                _free_r
 .text.sbrk_aligned
                0x000000000800bb34       0x40 C:/ST/STM32CubeIDE_1.12.1/STM32CubeIDE/plugins/com.st.stm32cube.ide.mcu.externaltools.gnu-tools-for-stm32.11.3.rel1.win32_1.1.100.202309141235/tools/bin/../lib/gcc/arm-none-eabi/11.3.1/../../../../arm-none-eabi/lib/thumb/v7e-m+fp/hard\libc_nano.a(libc_a-mallocr.o)
 .text._malloc_r
                0x000000000800bb74      0x100 C:/ST/STM32CubeIDE_1.12.1/STM32CubeIDE/plugins/com.st.stm32cube.ide.mcu.externaltools.gnu-tools-for-stm32.11.3.rel1.win32_1.1.100.202309141235/tools/bin/../lib/gcc/arm-none-eabi/11.3.1/../../../../arm-none-eabi/lib/thumb/v7e-m+fp/hard\libc_nano.a(libc_a-mallocr.o)
                0x000000000800bb74                _malloc_r
 .text.__malloc_lock
                0x000000000800bc74        0xc C:/ST/STM32CubeIDE_1.12.1/STM32CubeIDE/plugins/com.st.stm32cube.ide.mcu.externaltools.gnu-tools-for-stm32.11.3.rel1.win32_1.1.100.202309141235/tools/bin/../lib/gcc/arm-none-eabi/11.3.1/../../../../arm-none-eabi/lib/thumb/v7e-m+fp/hard\libc_nano.a(libc_a-mlock.o)
                0x000000000800bc74                __malloc_lock
 .text.__malloc_unlock
                0x000000000800bc80        0xc C:/ST/STM32CubeIDE_1.12.1/STM32CubeIDE/plugins/com.st.stm32cube.ide.mcu.externaltools.gnu-tools-for-stm32.11.3.rel1.win32_1.1.100.202309141235/tools/bin/../lib/gcc/arm-none-eabi/11.3.1/../../../../arm-none-eabi/lib/thumb/v7e-m+fp/hard\libc_nano.a(libc_a-mlock.o)
                0x000000000800bc80                __malloc_unlock
 .text.__ssputs_r
                0x000000000800bc8c       0xb4 C:/ST/STM32CubeIDE_1.12.1/STM32CubeIDE/plugins/com.st.stm32cube.ide.mcu.externaltools.gnu-tools-for-stm32.11.3.rel1.win32_1.1.100.202309141235/tools/bin/../lib/gcc/arm-none-eabi/11.3.1/../../../../arm-none-eabi/lib/thumb/v7e-m+fp/hard\libc_nano.a(libc_a-nano-svfprintf.o)
                0x000000000800bc8c                __ssputs_r
 .text._svfprintf_r
                0x000000000800bd40      0x1fc C:/ST/STM32CubeIDE_1.12.1/STM32CubeIDE/plugins/com.st.stm32cube.ide.mcu.externaltools.gnu-tools-for-stm32.11.3.rel1.win32_1.1.100.202309141235/tools/bin/../lib/gcc/arm-none-eabi/11.3.1/../../../../arm-none-eabi/lib/thumb/v7e-m+fp/hard\libc_nano.a(libc_a-nano-svfprintf.o)
                0x000000000800bd40                _svfiprintf_r
                0x000000000800bd40                _svfprintf_r
 .text._printf_common
                0x000000000800bf3c       0xda C:/ST/STM32CubeIDE_1.12.1/STM32CubeIDE/plugins/com.st.stm32cube.ide.mcu.externaltools.gnu-tools-for-stm32.11.3.rel1.win32_1.1.100.202309141235/tools/bin/../lib/gcc/arm-none-eabi/11.3.1/../../../../arm-none-eabi/lib/thumb/v7e-m+fp/hard\libc_nano.a(libc_a-nano-vfprintf_i.o)
                0x000000000800bf3c                _printf_common
 *fill*         0x000000000800c016        0x2 
 .text._printf_i
                0x000000000800c018      0x244 C:/ST/STM32CubeIDE_1.12.1/STM32CubeIDE/plugins/com.st.stm32cube.ide.mcu.externaltools.gnu-tools-for-stm32.11.3.rel1.win32_1.1.100.202309141235/tools/bin/../lib/gcc/arm-none-eabi/11.3.1/../../../../arm-none-eabi/lib/thumb/v7e-m+fp/hard\libc_nano.a(libc_a-nano-vfprintf_i.o)
                0x000000000800c018                _printf_i
 .text.memmove  0x000000000800c25c       0x34 C:/ST/STM32CubeIDE_1.12.1/STM32CubeIDE/plugins/com.st.stm32cube.ide.mcu.externaltools.gnu-tools-for-stm32.11.3.rel1.win32_1.1.100.202309141235/tools/bin/../lib/gcc/arm-none-eabi/11.3.1/../../../../arm-none-eabi/lib/thumb/v7e-m+fp/hard\libc_nano.a(libc_a-memmove.o)
                0x000000000800c25c                memmove
 .text._sbrk_r  0x000000000800c290       0x20 C:/ST/STM32CubeIDE_1.12.1/STM32CubeIDE/plugins/com.st.stm32cube.ide.mcu.externaltools.gnu-tools-for-stm32.11.3.rel1.win32_1.1.100.202309141235/tools/bin/../lib/gcc/arm-none-eabi/11.3.1/../../../../arm-none-eabi/lib/thumb/v7e-m+fp/hard\libc_nano.a(libc_a-sbrkr.o)
                0x000000000800c290                _sbrk_r
 .text.memcpy   0x000000000800c2b0       0x1c C:/ST/STM32CubeIDE_1.12.1/STM32CubeIDE/plugins/com.st.stm32cube.ide.mcu.externaltools.gnu-tools-for-stm32.11.3.rel1.win32_1.1.100.202309141235/tools/bin/../lib/gcc/arm-none-eabi/11.3.1/../../../../arm-none-eabi/lib/thumb/v7e-m+fp/hard\libc_nano.a(libc_a-memcpy-stub.o)
                0x000000000800c2b0                memcpy
 .text._realloc_r
                0x000000000800c2cc       0x5e C:/ST/STM32CubeIDE_1.12.1/STM32CubeIDE/plugins/com.st.stm32cube.ide.mcu.externaltools.gnu-tools-for-stm32.11.3.rel1.win32_1.1.100.202309141235/tools/bin/../lib/gcc/arm-none-eabi/11.3.1/../../../../arm-none-eabi/lib/thumb/v7e-m+fp/hard\libc_nano.a(libc_a-reallocr.o)
                0x000000000800c2cc                _realloc_r
 .text._malloc_usable_size_r
                0x000000000800c32a       0x10 C:/ST/STM32CubeIDE_1.12.1/STM32CubeIDE/plugins/com.st.stm32cube.ide.mcu.externaltools.gnu-tools-for-stm32.11.3.rel1.win32_1.1.100.202309141235/tools/bin/../lib/gcc/arm-none-eabi/11.3.1/../../../../arm-none-eabi/lib/thumb/v7e-m+fp/hard\libc_nano.a(libc_a-msizer.o)
                0x000000000800c32a                _malloc_usable_size_r
 *(.glue_7)
 .glue_7        0x000000000800c33a        0x0 linker stubs
 *(.glue_7t)
 .glue_7t       0x000000000800c33a        0x0 linker stubs
 *(.eh_frame)
 *fill*         0x000000000800c33a        0x2 
 .eh_frame      0x000000000800c33c        0x0 C:/ST/STM32CubeIDE_1.12.1/STM32CubeIDE/plugins/com.st.stm32cube.ide.mcu.externaltools.gnu-tools-for-stm32.11.3.rel1.win32_1.1.100.202309141235/tools/bin/../lib/gcc/arm-none-eabi/11.3.1/thumb/v7e-m+fp/hard/crtbegin.o
 *(.init)
 .init          0x000000000800c33c        0x4 C:/ST/STM32CubeIDE_1.12.1/STM32CubeIDE/plugins/com.st.stm32cube.ide.mcu.externaltools.gnu-tools-for-stm32.11.3.rel1.win32_1.1.100.202309141235/tools/bin/../lib/gcc/arm-none-eabi/11.3.1/thumb/v7e-m+fp/hard/crti.o
                0x000000000800c33c                _init
 .init          0x000000000800c340        0x8 C:/ST/STM32CubeIDE_1.12.1/STM32CubeIDE/plugins/com.st.stm32cube.ide.mcu.externaltools.gnu-tools-for-stm32.11.3.rel1.win32_1.1.100.202309141235/tools/bin/../lib/gcc/arm-none-eabi/11.3.1/thumb/v7e-m+fp/hard/crtn.o
 *(.fini)
 .fini          0x000000000800c348        0x4 C:/ST/STM32CubeIDE_1.12.1/STM32CubeIDE/plugins/com.st.stm32cube.ide.mcu.externaltools.gnu-tools-for-stm32.11.3.rel1.win32_1.1.100.202309141235/tools/bin/../lib/gcc/arm-none-eabi/11.3.1/thumb/v7e-m+fp/hard/crti.o
                0x000000000800c348                _fini
 .fini          0x000000000800c34c        0x8 C:/ST/STM32CubeIDE_1.12.1/STM32CubeIDE/plugins/com.st.stm32cube.ide.mcu.externaltools.gnu-tools-for-stm32.11.3.rel1.win32_1.1.100.202309141235/tools/bin/../lib/gcc/arm-none-eabi/11.3.1/thumb/v7e-m+fp/hard/crtn.o
                0x000000000800c354                . = ALIGN (0x4)
                0x000000000800c354                _etext = .

.vfp11_veneer   0x000000000800c354        0x0
 .vfp11_veneer  0x000000000800c354        0x0 linker stubs

.v4_bx          0x000000000800c354        0x0
 .v4_bx         0x000000000800c354        0x0 linker stubs

.iplt           0x000000000800c354        0x0
 .iplt          0x000000000800c354        0x0 C:/ST/STM32CubeIDE_1.12.1/STM32CubeIDE/plugins/com.st.stm32cube.ide.mcu.externaltools.gnu-tools-for-stm32.11.3.rel1.win32_1.1.100.202309141235/tools/bin/../lib/gcc/arm-none-eabi/11.3.1/thumb/v7e-m+fp/hard/crtbegin.o

.rodata         0x000000000800c354      0x114
                0x000000000800c354                . = ALIGN (0x4)
 *(.rodata)
 .rodata        0x000000000800c354       0xa5 ./Core/Src/main.o
 *(.rodata*)
 *fill*         0x000000000800c3f9        0x3 
 .rodata.AHBPrescTable
                0x000000000800c3fc       0x10 ./Core/Src/system_stm32f3xx.o
                0x000000000800c3fc                AHBPrescTable
 .rodata.APBPrescTable
                0x000000000800c40c        0x8 ./Core/Src/system_stm32f3xx.o
                0x000000000800c40c                APBPrescTable
 .rodata.aPLLMULFactorTable
                0x000000000800c414       0x10 ./Drivers/STM32F3xx_HAL_Driver/Src/stm32f3xx_hal_rcc.o
 .rodata.aPredivFactorTable
                0x000000000800c424       0x10 ./Drivers/STM32F3xx_HAL_Driver/Src/stm32f3xx_hal_rcc.o
 .rodata._svfprintf_r.str1.1
                0x000000000800c434       0x11 C:/ST/STM32CubeIDE_1.12.1/STM32CubeIDE/plugins/com.st.stm32cube.ide.mcu.externaltools.gnu-tools-for-stm32.11.3.rel1.win32_1.1.100.202309141235/tools/bin/../lib/gcc/arm-none-eabi/11.3.1/../../../../arm-none-eabi/lib/thumb/v7e-m+fp/hard\libc_nano.a(libc_a-nano-svfprintf.o)
 .rodata._printf_i.str1.1
                0x000000000800c445       0x22 C:/ST/STM32CubeIDE_1.12.1/STM32CubeIDE/plugins/com.st.stm32cube.ide.mcu.externaltools.gnu-tools-for-stm32.11.3.rel1.win32_1.1.100.202309141235/tools/bin/../lib/gcc/arm-none-eabi/11.3.1/../../../../arm-none-eabi/lib/thumb/v7e-m+fp/hard\libc_nano.a(libc_a-nano-vfprintf_i.o)
                0x000000000800c468                . = ALIGN (0x4)
 *fill*         0x000000000800c467        0x1 

.rel.dyn        0x000000000800c468        0x0
 .rel.iplt      0x000000000800c468        0x0 C:/ST/STM32CubeIDE_1.12.1/STM32CubeIDE/plugins/com.st.stm32cube.ide.mcu.externaltools.gnu-tools-for-stm32.11.3.rel1.win32_1.1.100.202309141235/tools/bin/../lib/gcc/arm-none-eabi/11.3.1/thumb/v7e-m+fp/hard/crtbegin.o

.ARM.extab      0x000000000800c468        0x0
                0x000000000800c468                . = ALIGN (0x4)
 *(.ARM.extab* .gnu.linkonce.armextab.*)
                0x000000000800c468                . = ALIGN (0x4)

.ARM            0x000000000800c468        0x0
                0x000000000800c468                . = ALIGN (0x4)
                0x000000000800c468                __exidx_start = .
 *(.ARM.exidx*)
                0x000000000800c468                __exidx_end = .
                0x000000000800c468                . = ALIGN (0x4)

.preinit_array  0x000000000800c468        0x0
                0x000000000800c468                . = ALIGN (0x4)
                0x000000000800c468                PROVIDE (__preinit_array_start = .)
 *(.preinit_array*)
                0x000000000800c468                PROVIDE (__preinit_array_end = .)
                0x000000000800c468                . = ALIGN (0x4)

.init_array     0x000000000800c468        0x4
                0x000000000800c468                . = ALIGN (0x4)
                0x000000000800c468                PROVIDE (__init_array_start = .)
 *(SORT_BY_NAME(.init_array.*))
 *(.init_array*)
 .init_array    0x000000000800c468        0x4 C:/ST/STM32CubeIDE_1.12.1/STM32CubeIDE/plugins/com.st.stm32cube.ide.mcu.externaltools.gnu-tools-for-stm32.11.3.rel1.win32_1.1.100.202309141235/tools/bin/../lib/gcc/arm-none-eabi/11.3.1/thumb/v7e-m+fp/hard/crtbegin.o
                0x000000000800c46c                PROVIDE (__init_array_end = .)
                0x000000000800c46c                . = ALIGN (0x4)

.fini_array     0x000000000800c46c        0x4
                0x000000000800c46c                . = ALIGN (0x4)
                [!provide]                        PROVIDE (__fini_array_start = .)
 *(SORT_BY_NAME(.fini_array.*))
 *(.fini_array*)
 .fini_array    0x000000000800c46c        0x4 C:/ST/STM32CubeIDE_1.12.1/STM32CubeIDE/plugins/com.st.stm32cube.ide.mcu.externaltools.gnu-tools-for-stm32.11.3.rel1.win32_1.1.100.202309141235/tools/bin/../lib/gcc/arm-none-eabi/11.3.1/thumb/v7e-m+fp/hard/crtbegin.o
                [!provide]                        PROVIDE (__fini_array_end = .)
                0x000000000800c470                . = ALIGN (0x4)
                0x000000000800c470                _sidata = LOADADDR (.data)

.data           0x0000000020000000       0x78 load address 0x000000000800c470
                0x0000000020000000                . = ALIGN (0x4)
                0x0000000020000000                _sdata = .
 *(.data)
 *(.data*)
 .data.pwm      0x0000000020000000        0x8 ./Core/Src/main.o
                0x0000000020000000                pwm
 .data.butt     0x0000000020000008        0x8 ./Core/Src/main.o
                0x0000000020000008                butt
 .data.limit    0x0000000020000010        0x2 ./Core/Src/main.o
                0x0000000020000010                limit
 .data.backlight_state
                0x0000000020000012        0x1 ./Core/Src/main.o
                0x0000000020000012                backlight_state
 *fill*         0x0000000020000013        0x1 
 .data.current_dc
                0x0000000020000014        0x2 ./Core/Src/main.o
                0x0000000020000014                current_dc
 .data.voltage_dc
                0x0000000020000016        0x2 ./Core/Src/main.o
                0x0000000020000016                voltage_dc
 .data.SLAVE_ID
                0x0000000020000018        0x1 ./Core/Src/main.o
                0x0000000020000018                SLAVE_ID
 *fill*         0x0000000020000019        0x3 
 .data.SystemCoreClock
                0x000000002000001c        0x4 ./Core/Src/system_stm32f3xx.o
                0x000000002000001c                SystemCoreClock
 .data.uwTickPrio
                0x0000000020000020        0x4 ./Drivers/STM32F3xx_HAL_Driver/Src/stm32f3xx_hal.o
                0x0000000020000020                uwTickPrio
 .data.uwTickFreq
                0x0000000020000024        0x1 ./Drivers/STM32F3xx_HAL_Driver/Src/stm32f3xx_hal.o
                0x0000000020000024                uwTickFreq
 *fill*         0x0000000020000025        0x3 
 .data._impure_data
                0x0000000020000028       0x4c C:/ST/STM32CubeIDE_1.12.1/STM32CubeIDE/plugins/com.st.stm32cube.ide.mcu.externaltools.gnu-tools-for-stm32.11.3.rel1.win32_1.1.100.202309141235/tools/bin/../lib/gcc/arm-none-eabi/11.3.1/../../../../arm-none-eabi/lib/thumb/v7e-m+fp/hard\libc_nano.a(libc_a-impure.o)
                0x0000000020000028                _impure_data
 .data._impure_ptr
                0x0000000020000074        0x4 C:/ST/STM32CubeIDE_1.12.1/STM32CubeIDE/plugins/com.st.stm32cube.ide.mcu.externaltools.gnu-tools-for-stm32.11.3.rel1.win32_1.1.100.202309141235/tools/bin/../lib/gcc/arm-none-eabi/11.3.1/../../../../arm-none-eabi/lib/thumb/v7e-m+fp/hard\libc_nano.a(libc_a-impure.o)
                0x0000000020000074                _impure_ptr
 *(.RamFunc)
 *(.RamFunc*)
                0x0000000020000078                . = ALIGN (0x4)
                0x0000000020000078                _edata = .
                0x000000000800c4e8                _siccmram = LOADADDR (.ccmram)

.igot.plt       0x0000000020000078        0x0 load address 0x000000000800c4e8
 .igot.plt      0x0000000020000078        0x0 C:/ST/STM32CubeIDE_1.12.1/STM32CubeIDE/plugins/com.st.stm32cube.ide.mcu.externaltools.gnu-tools-for-stm32.11.3.rel1.win32_1.1.100.202309141235/tools/bin/../lib/gcc/arm-none-eabi/11.3.1/thumb/v7e-m+fp/hard/crtbegin.o

.ccmram         0x0000000010000000        0x0 load address 0x000000000800c4e8
                0x0000000010000000                . = ALIGN (0x4)
                0x0000000010000000                _sccmram = .
 *(.ccmram)
 *(.ccmram*)
                0x0000000010000000                . = ALIGN (0x4)
                0x0000000010000000                _eccmram = .
                0x0000000010000000                . = ALIGN (0x4)

.bss            0x0000000020000078      0x86c
                0x0000000020000078                _sbss = .
                0x0000000020000078                __bss_start__ = _sbss
 *(.bss)
 .bss           0x0000000020000078       0x1c C:/ST/STM32CubeIDE_1.12.1/STM32CubeIDE/plugins/com.st.stm32cube.ide.mcu.externaltools.gnu-tools-for-stm32.11.3.rel1.win32_1.1.100.202309141235/tools/bin/../lib/gcc/arm-none-eabi/11.3.1/thumb/v7e-m+fp/hard/crtbegin.o
 *(.bss*)
 .bss.hadc1     0x0000000020000094       0x50 ./Core/Src/main.o
                0x0000000020000094                hadc1
 .bss.hadc2     0x00000000200000e4       0x50 ./Core/Src/main.o
                0x00000000200000e4                hadc2
 .bss.hadc3     0x0000000020000134       0x50 ./Core/Src/main.o
                0x0000000020000134                hadc3
 .bss.hdma_adc2
                0x0000000020000184       0x44 ./Core/Src/main.o
                0x0000000020000184                hdma_adc2
 .bss.hi2c1     0x00000000200001c8       0x54 ./Core/Src/main.o
                0x00000000200001c8                hi2c1
 .bss.hrtc      0x000000002000021c       0x20 ./Core/Src/main.o
                0x000000002000021c                hrtc
 .bss.htim1     0x000000002000023c       0x4c ./Core/Src/main.o
                0x000000002000023c                htim1
 .bss.htim2     0x0000000020000288       0x4c ./Core/Src/main.o
                0x0000000020000288                htim2
 .bss.htim3     0x00000000200002d4       0x4c ./Core/Src/main.o
                0x00000000200002d4                htim3
 .bss.htim4     0x0000000020000320       0x4c ./Core/Src/main.o
                0x0000000020000320                htim4
 .bss.htim8     0x000000002000036c       0x4c ./Core/Src/main.o
                0x000000002000036c                htim8
 .bss.htim15    0x00000000200003b8       0x4c ./Core/Src/main.o
                0x00000000200003b8                htim15
 .bss.huart1    0x0000000020000404       0x88 ./Core/Src/main.o
                0x0000000020000404                huart1
 .bss.huart2    0x000000002000048c       0x88 ./Core/Src/main.o
                0x000000002000048c                huart2
 .bss.hdma_usart2_rx
                0x0000000020000514       0x44 ./Core/Src/main.o
                0x0000000020000514                hdma_usart2_rx
 .bss.hdma_usart2_tx
                0x0000000020000558       0x44 ./Core/Src/main.o
                0x0000000020000558                hdma_usart2_tx
 .bss.current   0x000000002000059c        0x8 ./Core/Src/main.o
 .bss.hall_sens
                0x00000000200005a4        0xa ./Core/Src/main.o
 .bss.lcd_status
                0x00000000200005ae        0x1 ./Core/Src/main.o
                0x00000000200005ae                lcd_status
 .bss.lcd_update
                0x00000000200005af        0x1 ./Core/Src/main.o
                0x00000000200005af                lcd_update
 .bss.zenit     0x00000000200005b0        0x1 ./Core/Src/main.o
                0x00000000200005b0                zenit
 *fill*         0x00000000200005b1        0x1 
 .bss.pwm_n     0x00000000200005b2        0x2 ./Core/Src/main.o
                0x00000000200005b2                pwm_n
 .bss.pwm_cmd   0x00000000200005b4        0x2 ./Core/Src/main.o
                0x00000000200005b4                pwm_cmd
 .bss.pwm_tgr   0x00000000200005b6        0x1 ./Core/Src/main.o
                0x00000000200005b6                pwm_tgr
 .bss.flag      0x00000000200005b7        0x1 ./Core/Src/main.o
                0x00000000200005b7                flag
 .bss.period    0x00000000200005b8        0x4 ./Core/Src/main.o
                0x00000000200005b8                period
 .bss.pulseWidth
                0x00000000200005bc        0x2 ./Core/Src/main.o
                0x00000000200005bc                pulseWidth
 .bss.rpm       0x00000000200005be        0x2 ./Core/Src/main.o
                0x00000000200005be                rpm
 .bss.f         0x00000000200005c0        0x2 ./Core/Src/main.o
                0x00000000200005c0                f
 .bss.adc_count
                0x00000000200005c2        0x1 ./Core/Src/main.o
                0x00000000200005c2                adc_count
 *fill*         0x00000000200005c3        0x1 
 .bss.adc_filter
                0x00000000200005c4       0x28 ./Core/Src/main.o
                0x00000000200005c4                adc_filter
 .bss.flt       0x00000000200005ec        0x1 ./Core/Src/main.o
                0x00000000200005ec                flt
 *fill*         0x00000000200005ed        0x1 
 .bss.filter    0x00000000200005ee        0x2 ./Core/Src/main.o
                0x00000000200005ee                filter
 .bss.page_num  0x00000000200005f0        0x1 ./Core/Src/main.o
                0x00000000200005f0                page_num
 .bss.page_flag
                0x00000000200005f1        0x1 ./Core/Src/main.o
                0x00000000200005f1                page_flag
 .bss.current_avg
                0x00000000200005f2        0x2 ./Core/Src/main.o
                0x00000000200005f2                current_avg
 .bss.current_sum
                0x00000000200005f4        0x2 ./Core/Src/main.o
                0x00000000200005f4                current_sum
 .bss.min       0x00000000200005f6        0x1 ./Core/Src/main.o
                0x00000000200005f6                min
 .bss.hour      0x00000000200005f7        0x1 ./Core/Src/main.o
                0x00000000200005f7                hour
 .bss.sec       0x00000000200005f8        0x1 ./Core/Src/main.o
                0x00000000200005f8                sec
 .bss.status    0x00000000200005f9        0x1 ./Core/Src/main.o
                0x00000000200005f9                status
 .bss.ch_state  0x00000000200005fa        0x1 ./Core/Src/main.o
                0x00000000200005fa                ch_state
 *fill*         0x00000000200005fb        0x1 
 .bss.rxFrame   0x00000000200005fc       0x18 ./Core/Src/main.o
                0x00000000200005fc                rxFrame
 .bss.txFrame   0x0000000020000614       0xff ./Core/Src/main.o
                0x0000000020000614                txFrame
 *fill*         0x0000000020000713        0x1 
 .bss.data_reg  0x0000000020000714       0x40 ./Core/Src/main.o
                0x0000000020000714                data_reg
 .bss.rcv_data_reg
                0x0000000020000754       0x20 ./Core/Src/main.o
                0x0000000020000754                rcv_data_reg
 .bss.timing    0x0000000020000774        0x4 ./Core/Src/main.o
                0x0000000020000774                timing
 .bss.sTime     0x0000000020000778       0x14 ./Core/Src/main.o
                0x0000000020000778                sTime
 .bss.sDate     0x000000002000078c        0x4 ./Core/Src/main.o
                0x000000002000078c                sDate
 .bss.HAL_RCC_ADC12_CLK_ENABLED
                0x0000000020000790        0x4 ./Core/Src/stm32f3xx_hal_msp.o
 .bss.__sbrk_heap_end
                0x0000000020000794        0x4 ./Core/Src/sysmem.o
 .bss.uwTick    0x0000000020000798        0x4 ./Drivers/STM32F3xx_HAL_Driver/Src/stm32f3xx_hal.o
                0x0000000020000798                uwTick
 .bss.__sf      0x000000002000079c      0x138 C:/ST/STM32CubeIDE_1.12.1/STM32CubeIDE/plugins/com.st.stm32cube.ide.mcu.externaltools.gnu-tools-for-stm32.11.3.rel1.win32_1.1.100.202309141235/tools/bin/../lib/gcc/arm-none-eabi/11.3.1/../../../../arm-none-eabi/lib/thumb/v7e-m+fp/hard\libc_nano.a(libc_a-findfp.o)
                0x000000002000079c                __sf
 .bss.errno     0x00000000200008d4        0x4 C:/ST/STM32CubeIDE_1.12.1/STM32CubeIDE/plugins/com.st.stm32cube.ide.mcu.externaltools.gnu-tools-for-stm32.11.3.rel1.win32_1.1.100.202309141235/tools/bin/../lib/gcc/arm-none-eabi/11.3.1/../../../../arm-none-eabi/lib/thumb/v7e-m+fp/hard\libc_nano.a(libc_a-reent.o)
                0x00000000200008d4                errno
 .bss.__lock___malloc_recursive_mutex
                0x00000000200008d8        0x1 C:/ST/STM32CubeIDE_1.12.1/STM32CubeIDE/plugins/com.st.stm32cube.ide.mcu.externaltools.gnu-tools-for-stm32.11.3.rel1.win32_1.1.100.202309141235/tools/bin/../lib/gcc/arm-none-eabi/11.3.1/../../../../arm-none-eabi/lib/thumb/v7e-m+fp/hard\libc_nano.a(libc_a-lock.o)
                0x00000000200008d8                __lock___malloc_recursive_mutex
 *fill*         0x00000000200008d9        0x3 
 .bss.__malloc_free_list
                0x00000000200008dc        0x4 C:/ST/STM32CubeIDE_1.12.1/STM32CubeIDE/plugins/com.st.stm32cube.ide.mcu.externaltools.gnu-tools-for-stm32.11.3.rel1.win32_1.1.100.202309141235/tools/bin/../lib/gcc/arm-none-eabi/11.3.1/../../../../arm-none-eabi/lib/thumb/v7e-m+fp/hard\libc_nano.a(libc_a-mallocr.o)
                0x00000000200008dc                __malloc_free_list
 .bss.__malloc_sbrk_start
                0x00000000200008e0        0x4 C:/ST/STM32CubeIDE_1.12.1/STM32CubeIDE/plugins/com.st.stm32cube.ide.mcu.externaltools.gnu-tools-for-stm32.11.3.rel1.win32_1.1.100.202309141235/tools/bin/../lib/gcc/arm-none-eabi/11.3.1/../../../../arm-none-eabi/lib/thumb/v7e-m+fp/hard\libc_nano.a(libc_a-mallocr.o)
                0x00000000200008e0                __malloc_sbrk_start
 *(COMMON)
                0x00000000200008e4                . = ALIGN (0x4)
                0x00000000200008e4                _ebss = .
                0x00000000200008e4                __bss_end__ = _ebss

._user_heap_stack
                0x00000000200008e4      0x604
                0x00000000200008e8                . = ALIGN (0x8)
 *fill*         0x00000000200008e4        0x4 
                [!provide]                        PROVIDE (end = .)
                0x00000000200008e8                PROVIDE (_end = .)
                0x0000000020000ae8                . = (. + _Min_Heap_Size)
 *fill*         0x00000000200008e8      0x200 
                0x0000000020000ee8                . = (. + _Min_Stack_Size)
 *fill*         0x0000000020000ae8      0x400 
                0x0000000020000ee8                . = ALIGN (0x8)

/DISCARD/
 libc.a(*)
 libm.a(*)
 libgcc.a(*)

.ARM.attributes
                0x0000000000000000       0x30
 *(.ARM.attributes)
 .ARM.attributes
                0x0000000000000000       0x1e C:/ST/STM32CubeIDE_1.12.1/STM32CubeIDE/plugins/com.st.stm32cube.ide.mcu.externaltools.gnu-tools-for-stm32.11.3.rel1.win32_1.1.100.202309141235/tools/bin/../lib/gcc/arm-none-eabi/11.3.1/thumb/v7e-m+fp/hard/crti.o
 .ARM.attributes
                0x000000000000001e       0x34 C:/ST/STM32CubeIDE_1.12.1/STM32CubeIDE/plugins/com.st.stm32cube.ide.mcu.externaltools.gnu-tools-for-stm32.11.3.rel1.win32_1.1.100.202309141235/tools/bin/../lib/gcc/arm-none-eabi/11.3.1/thumb/v7e-m+fp/hard/crtbegin.o
 .ARM.attributes
                0x0000000000000052       0x34 ./Core/Src/main.o
 .ARM.attributes
                0x0000000000000086       0x34 ./Core/Src/modbusDevice.o
 .ARM.attributes
                0x00000000000000ba       0x34 ./Core/Src/modbusSlave.o
 .ARM.attributes
                0x00000000000000ee       0x34 ./Core/Src/stm32f3xx_hal_msp.o
 .ARM.attributes
                0x0000000000000122       0x34 ./Core/Src/stm32f3xx_it.o
 .ARM.attributes
                0x0000000000000156       0x34 ./Core/Src/sysmem.o
 .ARM.attributes
                0x000000000000018a       0x34 ./Core/Src/system_stm32f3xx.o
 .ARM.attributes
                0x00000000000001be       0x21 ./Core/Startup/startup_stm32f303cctx.o
 .ARM.attributes
                0x00000000000001df       0x34 ./Drivers/STM32F3xx_HAL_Driver/Src/stm32f3xx_hal.o
 .ARM.attributes
                0x0000000000000213       0x34 ./Drivers/STM32F3xx_HAL_Driver/Src/stm32f3xx_hal_adc.o
 .ARM.attributes
                0x0000000000000247       0x34 ./Drivers/STM32F3xx_HAL_Driver/Src/stm32f3xx_hal_adc_ex.o
 .ARM.attributes
                0x000000000000027b       0x34 ./Drivers/STM32F3xx_HAL_Driver/Src/stm32f3xx_hal_cortex.o
 .ARM.attributes
                0x00000000000002af       0x34 ./Drivers/STM32F3xx_HAL_Driver/Src/stm32f3xx_hal_dma.o
 .ARM.attributes
                0x00000000000002e3       0x34 ./Drivers/STM32F3xx_HAL_Driver/Src/stm32f3xx_hal_gpio.o
 .ARM.attributes
                0x0000000000000317       0x34 ./Drivers/STM32F3xx_HAL_Driver/Src/stm32f3xx_hal_i2c.o
 .ARM.attributes
                0x000000000000034b       0x34 ./Drivers/STM32F3xx_HAL_Driver/Src/stm32f3xx_hal_i2c_ex.o
 .ARM.attributes
                0x000000000000037f       0x34 ./Drivers/STM32F3xx_HAL_Driver/Src/stm32f3xx_hal_rcc.o
 .ARM.attributes
                0x00000000000003b3       0x34 ./Drivers/STM32F3xx_HAL_Driver/Src/stm32f3xx_hal_rcc_ex.o
 .ARM.attributes
                0x00000000000003e7       0x34 ./Drivers/STM32F3xx_HAL_Driver/Src/stm32f3xx_hal_rtc.o
 .ARM.attributes
                0x000000000000041b       0x34 ./Drivers/STM32F3xx_HAL_Driver/Src/stm32f3xx_hal_tim.o
 .ARM.attributes
                0x000000000000044f       0x34 ./Drivers/STM32F3xx_HAL_Driver/Src/stm32f3xx_hal_tim_ex.o
 .ARM.attributes
                0x0000000000000483       0x34 ./Drivers/STM32F3xx_HAL_Driver/Src/stm32f3xx_hal_uart.o
 .ARM.attributes
                0x00000000000004b7       0x34 ./Drivers/STM32F3xx_HAL_Driver/Src/stm32f3xx_hal_uart_ex.o
 .ARM.attributes
                0x00000000000004eb       0x34 C:/ST/STM32CubeIDE_1.12.1/STM32CubeIDE/plugins/com.st.stm32cube.ide.mcu.externaltools.gnu-tools-for-stm32.11.3.rel1.win32_1.1.100.202309141235/tools/bin/../lib/gcc/arm-none-eabi/11.3.1/../../../../arm-none-eabi/lib/thumb/v7e-m+fp/hard\libc_nano.a(libc_a-findfp.o)
 .ARM.attributes
                0x000000000000051f       0x34 C:/ST/STM32CubeIDE_1.12.1/STM32CubeIDE/plugins/com.st.stm32cube.ide.mcu.externaltools.gnu-tools-for-stm32.11.3.rel1.win32_1.1.100.202309141235/tools/bin/../lib/gcc/arm-none-eabi/11.3.1/../../../../arm-none-eabi/lib/thumb/v7e-m+fp/hard\libc_nano.a(libc_a-sprintf.o)
 .ARM.attributes
                0x0000000000000553       0x34 C:/ST/STM32CubeIDE_1.12.1/STM32CubeIDE/plugins/com.st.stm32cube.ide.mcu.externaltools.gnu-tools-for-stm32.11.3.rel1.win32_1.1.100.202309141235/tools/bin/../lib/gcc/arm-none-eabi/11.3.1/../../../../arm-none-eabi/lib/thumb/v7e-m+fp/hard\libc_nano.a(libc_a-memset.o)
 .ARM.attributes
                0x0000000000000587       0x34 C:/ST/STM32CubeIDE_1.12.1/STM32CubeIDE/plugins/com.st.stm32cube.ide.mcu.externaltools.gnu-tools-for-stm32.11.3.rel1.win32_1.1.100.202309141235/tools/bin/../lib/gcc/arm-none-eabi/11.3.1/../../../../arm-none-eabi/lib/thumb/v7e-m+fp/hard\libc_nano.a(libc_a-reent.o)
 .ARM.attributes
                0x00000000000005bb       0x34 C:/ST/STM32CubeIDE_1.12.1/STM32CubeIDE/plugins/com.st.stm32cube.ide.mcu.externaltools.gnu-tools-for-stm32.11.3.rel1.win32_1.1.100.202309141235/tools/bin/../lib/gcc/arm-none-eabi/11.3.1/../../../../arm-none-eabi/lib/thumb/v7e-m+fp/hard\libc_nano.a(libc_a-impure.o)
 .ARM.attributes
                0x00000000000005ef       0x34 C:/ST/STM32CubeIDE_1.12.1/STM32CubeIDE/plugins/com.st.stm32cube.ide.mcu.externaltools.gnu-tools-for-stm32.11.3.rel1.win32_1.1.100.202309141235/tools/bin/../lib/gcc/arm-none-eabi/11.3.1/../../../../arm-none-eabi/lib/thumb/v7e-m+fp/hard\libc_nano.a(libc_a-errno.o)
 .ARM.attributes
                0x0000000000000623       0x34 C:/ST/STM32CubeIDE_1.12.1/STM32CubeIDE/plugins/com.st.stm32cube.ide.mcu.externaltools.gnu-tools-for-stm32.11.3.rel1.win32_1.1.100.202309141235/tools/bin/../lib/gcc/arm-none-eabi/11.3.1/../../../../arm-none-eabi/lib/thumb/v7e-m+fp/hard\libc_nano.a(libc_a-init.o)
 .ARM.attributes
                0x0000000000000657       0x34 C:/ST/STM32CubeIDE_1.12.1/STM32CubeIDE/plugins/com.st.stm32cube.ide.mcu.externaltools.gnu-tools-for-stm32.11.3.rel1.win32_1.1.100.202309141235/tools/bin/../lib/gcc/arm-none-eabi/11.3.1/../../../../arm-none-eabi/lib/thumb/v7e-m+fp/hard\libc_nano.a(libc_a-lock.o)
 .ARM.attributes
                0x000000000000068b       0x34 C:/ST/STM32CubeIDE_1.12.1/STM32CubeIDE/plugins/com.st.stm32cube.ide.mcu.externaltools.gnu-tools-for-stm32.11.3.rel1.win32_1.1.100.202309141235/tools/bin/../lib/gcc/arm-none-eabi/11.3.1/../../../../arm-none-eabi/lib/thumb/v7e-m+fp/hard\libc_nano.a(libc_a-freer.o)
 .ARM.attributes
                0x00000000000006bf       0x34 C:/ST/STM32CubeIDE_1.12.1/STM32CubeIDE/plugins/com.st.stm32cube.ide.mcu.externaltools.gnu-tools-for-stm32.11.3.rel1.win32_1.1.100.202309141235/tools/bin/../lib/gcc/arm-none-eabi/11.3.1/../../../../arm-none-eabi/lib/thumb/v7e-m+fp/hard\libc_nano.a(libc_a-mallocr.o)
 .ARM.attributes
                0x00000000000006f3       0x34 C:/ST/STM32CubeIDE_1.12.1/STM32CubeIDE/plugins/com.st.stm32cube.ide.mcu.externaltools.gnu-tools-for-stm32.11.3.rel1.win32_1.1.100.202309141235/tools/bin/../lib/gcc/arm-none-eabi/11.3.1/../../../../arm-none-eabi/lib/thumb/v7e-m+fp/hard\libc_nano.a(libc_a-mlock.o)
 .ARM.attributes
                0x0000000000000727       0x34 C:/ST/STM32CubeIDE_1.12.1/STM32CubeIDE/plugins/com.st.stm32cube.ide.mcu.externaltools.gnu-tools-for-stm32.11.3.rel1.win32_1.1.100.202309141235/tools/bin/../lib/gcc/arm-none-eabi/11.3.1/../../../../arm-none-eabi/lib/thumb/v7e-m+fp/hard\libc_nano.a(libc_a-nano-svfprintf.o)
 .ARM.attributes
                0x000000000000075b       0x34 C:/ST/STM32CubeIDE_1.12.1/STM32CubeIDE/plugins/com.st.stm32cube.ide.mcu.externaltools.gnu-tools-for-stm32.11.3.rel1.win32_1.1.100.202309141235/tools/bin/../lib/gcc/arm-none-eabi/11.3.1/../../../../arm-none-eabi/lib/thumb/v7e-m+fp/hard\libc_nano.a(libc_a-nano-vfprintf_i.o)
 .ARM.attributes
                0x000000000000078f       0x34 C:/ST/STM32CubeIDE_1.12.1/STM32CubeIDE/plugins/com.st.stm32cube.ide.mcu.externaltools.gnu-tools-for-stm32.11.3.rel1.win32_1.1.100.202309141235/tools/bin/../lib/gcc/arm-none-eabi/11.3.1/../../../../arm-none-eabi/lib/thumb/v7e-m+fp/hard\libc_nano.a(libc_a-memmove.o)
 .ARM.attributes
                0x00000000000007c3       0x34 C:/ST/STM32CubeIDE_1.12.1/STM32CubeIDE/plugins/com.st.stm32cube.ide.mcu.externaltools.gnu-tools-for-stm32.11.3.rel1.win32_1.1.100.202309141235/tools/bin/../lib/gcc/arm-none-eabi/11.3.1/../../../../arm-none-eabi/lib/thumb/v7e-m+fp/hard\libc_nano.a(libc_a-sbrkr.o)
 .ARM.attributes
                0x00000000000007f7       0x1c C:/ST/STM32CubeIDE_1.12.1/STM32CubeIDE/plugins/com.st.stm32cube.ide.mcu.externaltools.gnu-tools-for-stm32.11.3.rel1.win32_1.1.100.202309141235/tools/bin/../lib/gcc/arm-none-eabi/11.3.1/../../../../arm-none-eabi/lib/thumb/v7e-m+fp/hard\libc_nano.a(libc_a-memchr.o)
 .ARM.attributes
                0x0000000000000813       0x34 C:/ST/STM32CubeIDE_1.12.1/STM32CubeIDE/plugins/com.st.stm32cube.ide.mcu.externaltools.gnu-tools-for-stm32.11.3.rel1.win32_1.1.100.202309141235/tools/bin/../lib/gcc/arm-none-eabi/11.3.1/../../../../arm-none-eabi/lib/thumb/v7e-m+fp/hard\libc_nano.a(libc_a-memcpy-stub.o)
 .ARM.attributes
                0x0000000000000847       0x34 C:/ST/STM32CubeIDE_1.12.1/STM32CubeIDE/plugins/com.st.stm32cube.ide.mcu.externaltools.gnu-tools-for-stm32.11.3.rel1.win32_1.1.100.202309141235/tools/bin/../lib/gcc/arm-none-eabi/11.3.1/../../../../arm-none-eabi/lib/thumb/v7e-m+fp/hard\libc_nano.a(libc_a-reallocr.o)
 .ARM.attributes
                0x000000000000087b       0x34 C:/ST/STM32CubeIDE_1.12.1/STM32CubeIDE/plugins/com.st.stm32cube.ide.mcu.externaltools.gnu-tools-for-stm32.11.3.rel1.win32_1.1.100.202309141235/tools/bin/../lib/gcc/arm-none-eabi/11.3.1/../../../../arm-none-eabi/lib/thumb/v7e-m+fp/hard\libc_nano.a(libc_a-msizer.o)
 .ARM.attributes
                0x00000000000008af       0x1e C:/ST/STM32CubeIDE_1.12.1/STM32CubeIDE/plugins/com.st.stm32cube.ide.mcu.externaltools.gnu-tools-for-stm32.11.3.rel1.win32_1.1.100.202309141235/tools/bin/../lib/gcc/arm-none-eabi/11.3.1/thumb/v7e-m+fp/hard/crtn.o
OUTPUT(PWM_STEP_Driver.elf elf32-littlearm)
LOAD linker stubs
LOAD C:/ST/STM32CubeIDE_1.12.1/STM32CubeIDE/plugins/com.st.stm32cube.ide.mcu.externaltools.gnu-tools-for-stm32.11.3.rel1.win32_1.1.100.202309141235/tools/bin/../lib/gcc/arm-none-eabi/11.3.1/../../../../arm-none-eabi/lib/thumb/v7e-m+fp/hard\libc.a
LOAD C:/ST/STM32CubeIDE_1.12.1/STM32CubeIDE/plugins/com.st.stm32cube.ide.mcu.externaltools.gnu-tools-for-stm32.11.3.rel1.win32_1.1.100.202309141235/tools/bin/../lib/gcc/arm-none-eabi/11.3.1/../../../../arm-none-eabi/lib/thumb/v7e-m+fp/hard\libm.a
LOAD C:/ST/STM32CubeIDE_1.12.1/STM32CubeIDE/plugins/com.st.stm32cube.ide.mcu.externaltools.gnu-tools-for-stm32.11.3.rel1.win32_1.1.100.202309141235/tools/bin/../lib/gcc/arm-none-eabi/11.3.1/thumb/v7e-m+fp/hard\libgcc.a

.comment        0x0000000000000000       0x86
 .comment       0x0000000000000000       0x43 C:/ST/STM32CubeIDE_1.12.1/STM32CubeIDE/plugins/com.st.stm32cube.ide.mcu.externaltools.gnu-tools-for-stm32.11.3.rel1.win32_1.1.100.202309141235/tools/bin/../lib/gcc/arm-none-eabi/11.3.1/thumb/v7e-m+fp/hard/crtbegin.o
                                         0x44 (size before relaxing)
 .comment       0x0000000000000043       0x44 ./Core/Src/main.o
 .comment       0x0000000000000043       0x43 ./Core/Src/modbusDevice.o
                                         0x44 (size before relaxing)
 .comment       0x0000000000000086       0x44 ./Core/Src/modbusSlave.o
 .comment       0x0000000000000086       0x44 ./Core/Src/stm32f3xx_hal_msp.o
 .comment       0x0000000000000086       0x44 ./Core/Src/stm32f3xx_it.o
 .comment       0x0000000000000086       0x44 ./Core/Src/sysmem.o
 .comment       0x0000000000000086       0x44 ./Core/Src/system_stm32f3xx.o
 .comment       0x0000000000000086       0x44 ./Drivers/STM32F3xx_HAL_Driver/Src/stm32f3xx_hal.o
 .comment       0x0000000000000086       0x44 ./Drivers/STM32F3xx_HAL_Driver/Src/stm32f3xx_hal_adc.o
 .comment       0x0000000000000086       0x44 ./Drivers/STM32F3xx_HAL_Driver/Src/stm32f3xx_hal_adc_ex.o
 .comment       0x0000000000000086       0x44 ./Drivers/STM32F3xx_HAL_Driver/Src/stm32f3xx_hal_cortex.o
 .comment       0x0000000000000086       0x44 ./Drivers/STM32F3xx_HAL_Driver/Src/stm32f3xx_hal_dma.o
 .comment       0x0000000000000086       0x44 ./Drivers/STM32F3xx_HAL_Driver/Src/stm32f3xx_hal_gpio.o
 .comment       0x0000000000000086       0x44 ./Drivers/STM32F3xx_HAL_Driver/Src/stm32f3xx_hal_i2c.o
 .comment       0x0000000000000086       0x44 ./Drivers/STM32F3xx_HAL_Driver/Src/stm32f3xx_hal_i2c_ex.o
 .comment       0x0000000000000086       0x44 ./Drivers/STM32F3xx_HAL_Driver/Src/stm32f3xx_hal_rcc.o
 .comment       0x0000000000000086       0x44 ./Drivers/STM32F3xx_HAL_Driver/Src/stm32f3xx_hal_rcc_ex.o
 .comment       0x0000000000000086       0x44 ./Drivers/STM32F3xx_HAL_Driver/Src/stm32f3xx_hal_rtc.o
 .comment       0x0000000000000086       0x44 ./Drivers/STM32F3xx_HAL_Driver/Src/stm32f3xx_hal_tim.o
 .comment       0x0000000000000086       0x44 ./Drivers/STM32F3xx_HAL_Driver/Src/stm32f3xx_hal_tim_ex.o
 .comment       0x0000000000000086       0x44 ./Drivers/STM32F3xx_HAL_Driver/Src/stm32f3xx_hal_uart.o
 .comment       0x0000000000000086       0x44 ./Drivers/STM32F3xx_HAL_Driver/Src/stm32f3xx_hal_uart_ex.o

.debug_info     0x0000000000000000    0x1908c
 .debug_info    0x0000000000000000     0x31d6 ./Core/Src/main.o
 .debug_info    0x00000000000031d6      0x90b ./Core/Src/modbusDevice.o
 .debug_info    0x0000000000003ae1      0xbb5 ./Core/Src/modbusSlave.o
 .debug_info    0x0000000000004696     0x1d18 ./Core/Src/stm32f3xx_hal_msp.o
 .debug_info    0x00000000000063ae      0xf59 ./Core/Src/stm32f3xx_it.o
 .debug_info    0x0000000000007307      0x168 ./Core/Src/sysmem.o
 .debug_info    0x000000000000746f      0x407 ./Core/Src/system_stm32f3xx.o
 .debug_info    0x0000000000007876       0x23 ./Core/Startup/startup_stm32f303cctx.o
 .debug_info    0x0000000000007899      0x7d4 ./Drivers/STM32F3xx_HAL_Driver/Src/stm32f3xx_hal.o
 .debug_info    0x000000000000806d      0xb32 ./Drivers/STM32F3xx_HAL_Driver/Src/stm32f3xx_hal_adc.o
 .debug_info    0x0000000000008b9f     0x15b2 ./Drivers/STM32F3xx_HAL_Driver/Src/stm32f3xx_hal_adc_ex.o
 .debug_info    0x000000000000a151      0xcaf ./Drivers/STM32F3xx_HAL_Driver/Src/stm32f3xx_hal_cortex.o
 .debug_info    0x000000000000ae00      0x6e1 ./Drivers/STM32F3xx_HAL_Driver/Src/stm32f3xx_hal_dma.o
 .debug_info    0x000000000000b4e1      0x5fe ./Drivers/STM32F3xx_HAL_Driver/Src/stm32f3xx_hal_gpio.o
 .debug_info    0x000000000000badf     0x2048 ./Drivers/STM32F3xx_HAL_Driver/Src/stm32f3xx_hal_i2c.o
 .debug_info    0x000000000000db27      0x824 ./Drivers/STM32F3xx_HAL_Driver/Src/stm32f3xx_hal_i2c_ex.o
 .debug_info    0x000000000000e34b     0x14f1 ./Drivers/STM32F3xx_HAL_Driver/Src/stm32f3xx_hal_rcc.o
 .debug_info    0x000000000000f83c      0x601 ./Drivers/STM32F3xx_HAL_Driver/Src/stm32f3xx_hal_rcc_ex.o
 .debug_info    0x000000000000fe3d      0xc56 ./Drivers/STM32F3xx_HAL_Driver/Src/stm32f3xx_hal_rtc.o
 .debug_info    0x0000000000010a93     0x2a52 ./Drivers/STM32F3xx_HAL_Driver/Src/stm32f3xx_hal_tim.o
 .debug_info    0x00000000000134e5     0x156d ./Drivers/STM32F3xx_HAL_Driver/Src/stm32f3xx_hal_tim_ex.o
 .debug_info    0x0000000000014a52     0x39a8 ./Drivers/STM32F3xx_HAL_Driver/Src/stm32f3xx_hal_uart.o
 .debug_info    0x00000000000183fa      0xc92 ./Drivers/STM32F3xx_HAL_Driver/Src/stm32f3xx_hal_uart_ex.o

.debug_abbrev   0x0000000000000000     0x3119
 .debug_abbrev  0x0000000000000000      0x384 ./Core/Src/main.o
 .debug_abbrev  0x0000000000000384      0x1e2 ./Core/Src/modbusDevice.o
 .debug_abbrev  0x0000000000000566      0x23b ./Core/Src/modbusSlave.o
 .debug_abbrev  0x00000000000007a1      0x2ab ./Core/Src/stm32f3xx_hal_msp.o
 .debug_abbrev  0x0000000000000a4c      0x1dd ./Core/Src/stm32f3xx_it.o
 .debug_abbrev  0x0000000000000c29       0xbc ./Core/Src/sysmem.o
 .debug_abbrev  0x0000000000000ce5      0x11a ./Core/Src/system_stm32f3xx.o
 .debug_abbrev  0x0000000000000dff       0x12 ./Core/Startup/startup_stm32f303cctx.o
 .debug_abbrev  0x0000000000000e11      0x215 ./Drivers/STM32F3xx_HAL_Driver/Src/stm32f3xx_hal.o
 .debug_abbrev  0x0000000000001026      0x186 ./Drivers/STM32F3xx_HAL_Driver/Src/stm32f3xx_hal_adc.o
 .debug_abbrev  0x00000000000011ac      0x28e ./Drivers/STM32F3xx_HAL_Driver/Src/stm32f3xx_hal_adc_ex.o
 .debug_abbrev  0x000000000000143a      0x329 ./Drivers/STM32F3xx_HAL_Driver/Src/stm32f3xx_hal_cortex.o
 .debug_abbrev  0x0000000000001763      0x20d ./Drivers/STM32F3xx_HAL_Driver/Src/stm32f3xx_hal_dma.o
 .debug_abbrev  0x0000000000001970      0x1ca ./Drivers/STM32F3xx_HAL_Driver/Src/stm32f3xx_hal_gpio.o
 .debug_abbrev  0x0000000000001b3a      0x260 ./Drivers/STM32F3xx_HAL_Driver/Src/stm32f3xx_hal_i2c.o
 .debug_abbrev  0x0000000000001d9a      0x1c2 ./Drivers/STM32F3xx_HAL_Driver/Src/stm32f3xx_hal_i2c_ex.o
 .debug_abbrev  0x0000000000001f5c      0x300 ./Drivers/STM32F3xx_HAL_Driver/Src/stm32f3xx_hal_rcc.o
 .debug_abbrev  0x000000000000225c      0x245 ./Drivers/STM32F3xx_HAL_Driver/Src/stm32f3xx_hal_rcc_ex.o
 .debug_abbrev  0x00000000000024a1      0x1ed ./Drivers/STM32F3xx_HAL_Driver/Src/stm32f3xx_hal_rtc.o
 .debug_abbrev  0x000000000000268e      0x278 ./Drivers/STM32F3xx_HAL_Driver/Src/stm32f3xx_hal_tim.o
 .debug_abbrev  0x0000000000002906      0x283 ./Drivers/STM32F3xx_HAL_Driver/Src/stm32f3xx_hal_tim_ex.o
 .debug_abbrev  0x0000000000002b89      0x2d1 ./Drivers/STM32F3xx_HAL_Driver/Src/stm32f3xx_hal_uart.o
 .debug_abbrev  0x0000000000002e5a      0x2bf ./Drivers/STM32F3xx_HAL_Driver/Src/stm32f3xx_hal_uart_ex.o

.debug_aranges  0x0000000000000000     0x1548
 .debug_aranges
                0x0000000000000000      0x178 ./Core/Src/main.o
 .debug_aranges
                0x0000000000000178       0x30 ./Core/Src/modbusDevice.o
 .debug_aranges
                0x00000000000001a8       0x70 ./Core/Src/modbusSlave.o
 .debug_aranges
                0x0000000000000218       0x78 ./Core/Src/stm32f3xx_hal_msp.o
 .debug_aranges