../Core/Src/modbusSlave.c:252:6:extractFromByte	8	static
../Core/Src/modbusSlave.c:260:6:decodeCoilsFromRXBuffer	16	static
../Core/Src/modbusSlave.c:277:14:hadleWriteMultipleCoils	16	static
../Core/Src/modbusSlave.c:297:14:sendModbusException	4	static
../Core/Src/modbusSlave.c:18:14:handleReadHoldingRegs	24	static
../Core/Src/modbusSlave.c:54:14:handleReadInputRegs	24	static
../Core/Src/modbusSlave.c:87:14:handleReadCoils	24	static
../Core/Src/modbusSlave.c:116:14:handleReadDiscreteInputs	0	static
../Core/Src/modbusSlave.c:145:14:handleWriteSingleHandlingRegister	8	static
../Core/Src/modbusSlave.c:171:14:handleWriteMulyipleHandlingRegister	24	static
../Core/Src/modbusSlave.c:216:14:handleWriteSingleCoil	16	static
