../Core/Src/stm32f3xx_hal_msp.c:66:6:HAL_MspInit	16	static
../Core/Src/stm32f3xx_hal_msp.c:95:6:HAL_ADC_MspInit	64	static
../Core/Src/stm32f3xx_hal_msp.c:210:6:HAL_ADC_MspDeInit	8	static
../Core/Src/stm32f3xx_hal_msp.c:306:6:HAL_I2C_MspInit	40	static
../Core/Src/stm32f3xx_hal_msp.c:347:6:HAL_I2C_MspDeInit	8	static
../Core/Src/stm32f3xx_hal_msp.c:381:6:HAL_RTC_MspInit	0	static,ignoring_inline_asm
../Core/Src/stm32f3xx_hal_msp.c:403:6:HAL_RTC_MspDeInit	0	static,ignoring_inline_asm
../Core/Src/stm32f3xx_hal_msp.c:425:6:HAL_TIM_Base_MspInit	56	static
../Core/Src/stm32f3xx_hal_msp.c:513:6:HAL_TIM_MspPostInit	48	static
../Core/Src/stm32f3xx_hal_msp.c:606:6:HAL_TIM_Base_MspDeInit	8	static
../Core/Src/stm32f3xx_hal_msp.c:706:6:HAL_UART_MspInit	56	static
../Core/Src/stm32f3xx_hal_msp.c:777:6:HAL_UART_MspDeInit	8	static
